Component: ARM Compiler 5.06 update 7 (build 960) Tool: armlink [4d3601]

==============================================================================

Section Cross References

    main.o(i.create_task) refers to port.o(i.vPortEnterCritical) for vPortEnterCritical
    main.o(i.create_task) refers to tasks.o(i.xTaskCreate) for xTaskCreate
    main.o(i.create_task) refers to port.o(i.vPortExitCritical) for vPortExitCritical
    main.o(i.create_task) refers to main.o(.data) for LEDTask_Handler
    main.o(i.create_task) refers to bsp_led.o(i.led_task) for led_task
    main.o(i.main) refers to gd32f4xx_misc.o(i.nvic_priority_group_set) for nvic_priority_group_set
    main.o(i.main) refers to systick.o(i.systick_config) for systick_config
    main.o(i.main) refers to main.o(i.create_task) for create_task
    main.o(i.main) refers to tasks.o(i.vTaskStartScheduler) for vTaskStartScheduler
    systick.o(i.delay_1ms) refers to systick.o(.data) for delay
    systick.o(i.delay_decrement) refers to systick.o(.data) for delay
    systick.o(i.systick_config) refers to systick.o(i.NVIC_SetPriority) for NVIC_SetPriority
    systick.o(i.systick_config) refers to system_gd32f4xx.o(.data) for SystemCoreClock
    bsp_led.o(i.led_init) refers to gd32f4xx_rcu.o(i.rcu_periph_clock_enable) for rcu_periph_clock_enable
    bsp_led.o(i.led_init) refers to gd32f4xx_gpio.o(i.gpio_mode_set) for gpio_mode_set
    bsp_led.o(i.led_init) refers to gd32f4xx_gpio.o(i.gpio_output_options_set) for gpio_output_options_set
    bsp_led.o(i.led_init) refers to gd32f4xx_gpio.o(i.gpio_bit_reset) for gpio_bit_reset
    bsp_led.o(i.led_off) refers to gd32f4xx_gpio.o(i.gpio_bit_reset) for gpio_bit_reset
    bsp_led.o(i.led_on) refers to gd32f4xx_gpio.o(i.gpio_bit_set) for gpio_bit_set
    bsp_led.o(i.led_task) refers to bsp_led.o(i.led_init) for led_init
    bsp_led.o(i.led_task) refers to bsp_led.o(i.led_on) for led_on
    bsp_led.o(i.led_task) refers to tasks.o(i.vTaskDelay) for vTaskDelay
    bsp_led.o(i.led_task) refers to bsp_led.o(i.led_off) for led_off
    system_gd32f4xx.o(i.SystemCoreClockUpdate) refers to system_gd32f4xx.o(.data) for SystemCoreClock
    system_gd32f4xx.o(i.SystemInit) refers to system_gd32f4xx.o(i.system_clock_config) for system_clock_config
    system_gd32f4xx.o(i.system_clock_config) refers to system_gd32f4xx.o(i.system_clock_200m_25m_hxtal) for system_clock_200m_25m_hxtal
    gd32f4xx_adc.o(i.adc_deinit) refers to gd32f4xx_rcu.o(i.rcu_periph_reset_enable) for rcu_periph_reset_enable
    gd32f4xx_adc.o(i.adc_deinit) refers to gd32f4xx_rcu.o(i.rcu_periph_reset_disable) for rcu_periph_reset_disable
    gd32f4xx_can.o(i.can_debug_freeze_disable) refers to gd32f4xx_dbg.o(i.dbg_periph_disable) for dbg_periph_disable
    gd32f4xx_can.o(i.can_debug_freeze_enable) refers to gd32f4xx_dbg.o(i.dbg_periph_enable) for dbg_periph_enable
    gd32f4xx_can.o(i.can_deinit) refers to gd32f4xx_rcu.o(i.rcu_periph_reset_enable) for rcu_periph_reset_enable
    gd32f4xx_can.o(i.can_deinit) refers to gd32f4xx_rcu.o(i.rcu_periph_reset_disable) for rcu_periph_reset_disable
    gd32f4xx_can.o(i.can_interrupt_flag_get) refers to gd32f4xx_can.o(i.can_receive_message_length_get) for can_receive_message_length_get
    gd32f4xx_can.o(i.can_interrupt_flag_get) refers to gd32f4xx_can.o(i.can_error_get) for can_error_get
    gd32f4xx_ctc.o(i.ctc_deinit) refers to gd32f4xx_rcu.o(i.rcu_periph_reset_enable) for rcu_periph_reset_enable
    gd32f4xx_ctc.o(i.ctc_deinit) refers to gd32f4xx_rcu.o(i.rcu_periph_reset_disable) for rcu_periph_reset_disable
    gd32f4xx_dac.o(i.dac_deinit) refers to gd32f4xx_rcu.o(i.rcu_periph_reset_enable) for rcu_periph_reset_enable
    gd32f4xx_dac.o(i.dac_deinit) refers to gd32f4xx_rcu.o(i.rcu_periph_reset_disable) for rcu_periph_reset_disable
    gd32f4xx_dci.o(i.dci_deinit) refers to gd32f4xx_rcu.o(i.rcu_periph_reset_enable) for rcu_periph_reset_enable
    gd32f4xx_dci.o(i.dci_deinit) refers to gd32f4xx_rcu.o(i.rcu_periph_reset_disable) for rcu_periph_reset_disable
    gd32f4xx_enet.o(i.enet_deinit) refers to gd32f4xx_rcu.o(i.rcu_periph_reset_enable) for rcu_periph_reset_enable
    gd32f4xx_enet.o(i.enet_deinit) refers to gd32f4xx_rcu.o(i.rcu_periph_reset_disable) for rcu_periph_reset_disable
    gd32f4xx_enet.o(i.enet_deinit) refers to gd32f4xx_enet.o(i.enet_initpara_reset) for enet_initpara_reset
    gd32f4xx_enet.o(i.enet_descriptors_chain_init) refers to gd32f4xx_enet.o(.bss) for txdesc_tab
    gd32f4xx_enet.o(i.enet_descriptors_chain_init) refers to gd32f4xx_enet.o(.data) for dma_current_txdesc
    gd32f4xx_enet.o(i.enet_descriptors_ring_init) refers to gd32f4xx_enet.o(.bss) for txdesc_tab
    gd32f4xx_enet.o(i.enet_descriptors_ring_init) refers to gd32f4xx_enet.o(.data) for dma_current_txdesc
    gd32f4xx_enet.o(i.enet_disable) refers to gd32f4xx_enet.o(i.enet_tx_disable) for enet_tx_disable
    gd32f4xx_enet.o(i.enet_disable) refers to gd32f4xx_enet.o(i.enet_rx_disable) for enet_rx_disable
[...]
    Removing gd32f4xx_timer.o(i.timer_channel_output_struct_para_init), (16 bytes).
    Removing gd32f4xx_timer.o(i.timer_channel_remap_config), (4 bytes).
    Removing gd32f4xx_timer.o(i.timer_counter_alignment), (16 bytes).
    Removing gd32f4xx_timer.o(i.timer_counter_down_direction), (10 bytes).
    Removing gd32f4xx_timer.o(i.timer_counter_read), (8 bytes).
    Removing gd32f4xx_timer.o(i.timer_counter_up_direction), (10 bytes).
    Removing gd32f4xx_timer.o(i.timer_counter_value_config), (4 bytes).
    Removing gd32f4xx_timer.o(i.timer_deinit), (388 bytes).
    Removing gd32f4xx_timer.o(i.timer_disable), (10 bytes).
    Removing gd32f4xx_timer.o(i.timer_dma_disable), (8 bytes).
    Removing gd32f4xx_timer.o(i.timer_dma_enable), (8 bytes).
    Removing gd32f4xx_timer.o(i.timer_dma_transfer_config), (24 bytes).
    Removing gd32f4xx_timer.o(i.timer_enable), (10 bytes).
    Removing gd32f4xx_timer.o(i.timer_event_software_generate), (8 bytes).
    Removing gd32f4xx_timer.o(i.timer_external_clock_mode0_config), (40 bytes).
    Removing gd32f4xx_timer.o(i.timer_external_clock_mode1_config), (32 bytes).
    Removing gd32f4xx_timer.o(i.timer_external_clock_mode1_disable), (10 bytes).
    Removing gd32f4xx_timer.o(i.timer_external_trigger_as_external_clock_config), (166 bytes).
    Removing gd32f4xx_timer.o(i.timer_external_trigger_config), (30 bytes).
    Removing gd32f4xx_timer.o(i.timer_flag_clear), (6 bytes).
    Removing gd32f4xx_timer.o(i.timer_flag_get), (16 bytes).
    Removing gd32f4xx_timer.o(i.timer_hall_mode_config), (26 bytes).
    Removing gd32f4xx_timer.o(i.timer_init), (152 bytes).
    Removing gd32f4xx_timer.o(i.timer_input_capture_config), (326 bytes).
    Removing gd32f4xx_timer.o(i.timer_input_pwm_capture_config), (356 bytes).
    Removing gd32f4xx_timer.o(i.timer_input_trigger_source_select), (16 bytes).
    Removing gd32f4xx_timer.o(i.timer_internal_clock_config), (10 bytes).
    Removing gd32f4xx_timer.o(i.timer_internal_trigger_as_external_clock_config), (32 bytes).
    Removing gd32f4xx_timer.o(i.timer_interrupt_disable), (8 bytes).
    Removing gd32f4xx_timer.o(i.timer_interrupt_enable), (8 bytes).
    Removing gd32f4xx_timer.o(i.timer_interrupt_flag_clear), (6 bytes).
    Removing gd32f4xx_timer.o(i.timer_interrupt_flag_get), (24 bytes).
    Removing gd32f4xx_timer.o(i.timer_master_output_trigger_source_select), (16 bytes).
    Removing gd32f4xx_timer.o(i.timer_master_slave_mode_config), (26 bytes).
    Removing gd32f4xx_timer.o(i.timer_output_value_selection_config), (34 bytes).
    Removing gd32f4xx_timer.o(i.timer_prescaler_config), (14 bytes).
    Removing gd32f4xx_timer.o(i.timer_prescaler_read), (10 bytes).
    Removing gd32f4xx_timer.o(i.timer_primary_output_config), (24 bytes).
    Removing gd32f4xx_timer.o(i.timer_quadrature_decoder_mode_config), (64 bytes).
    Removing gd32f4xx_timer.o(i.timer_repetition_value_config), (4 bytes).
    Removing gd32f4xx_timer.o(i.timer_single_pulse_mode_config), (26 bytes).
    Removing gd32f4xx_timer.o(i.timer_slave_mode_select), (16 bytes).
    Removing gd32f4xx_timer.o(i.timer_struct_para_init), (22 bytes).
    Removing gd32f4xx_timer.o(i.timer_update_event_disable), (10 bytes).
    Removing gd32f4xx_timer.o(i.timer_update_event_enable), (10 bytes).
    Removing gd32f4xx_timer.o(i.timer_update_source_config), (26 bytes).
    Removing gd32f4xx_timer.o(i.timer_write_chxval_register_config), (34 bytes).
    Removing gd32f4xx_tli.o(.rev16_text), (4 bytes).
    Removing gd32f4xx_tli.o(.revsh_text), (4 bytes).
    Removing gd32f4xx_tli.o(i.tli_color_key_disable), (14 bytes).
    Removing gd32f4xx_tli.o(i.tli_color_key_enable), (14 bytes).
    Removing gd32f4xx_tli.o(i.tli_color_key_init), (16 bytes).
    Removing gd32f4xx_tli.o(i.tli_current_pos_get), (12 bytes).
    Removing gd32f4xx_tli.o(i.tli_deinit), (20 bytes).
    Removing gd32f4xx_tli.o(i.tli_disable), (20 bytes).
    Removing gd32f4xx_tli.o(i.tli_dither_config), (36 bytes).
    Removing gd32f4xx_tli.o(i.tli_enable), (20 bytes).
    Removing gd32f4xx_tli.o(i.tli_flag_get), (36 bytes).
    Removing gd32f4xx_tli.o(i.tli_init), (188 bytes).
    Removing gd32f4xx_tli.o(i.tli_interrupt_disable), (16 bytes).
    Removing gd32f4xx_tli.o(i.tli_interrupt_enable), (16 bytes).
    Removing gd32f4xx_tli.o(i.tli_interrupt_flag_clear), (16 bytes).
    Removing gd32f4xx_tli.o(i.tli_interrupt_flag_get), (36 bytes).
    Removing gd32f4xx_tli.o(i.tli_layer_disable), (14 bytes).
    Removing gd32f4xx_tli.o(i.tli_layer_enable), (14 bytes).
    Removing gd32f4xx_tli.o(i.tli_layer_init), (152 bytes).
    Removing gd32f4xx_tli.o(i.tli_layer_struct_para_init), (48 bytes).
    Removing gd32f4xx_tli.o(i.tli_layer_window_offset_modify), (228 bytes).
    Removing gd32f4xx_tli.o(i.tli_line_mark_set), (24 bytes).
    Removing gd32f4xx_tli.o(i.tli_lut_disable), (14 bytes).
    Removing gd32f4xx_tli.o(i.tli_lut_enable), (14 bytes).
    Removing gd32f4xx_tli.o(i.tli_lut_init), (28 bytes).
    Removing gd32f4xx_tli.o(i.tli_lut_struct_para_init), (12 bytes).
    Removing gd32f4xx_tli.o(i.tli_reload_config), (36 bytes).
    Removing gd32f4xx_tli.o(i.tli_struct_para_init), (34 bytes).
    Removing gd32f4xx_trng.o(.rev16_text), (4 bytes).
    Removing gd32f4xx_trng.o(.revsh_text), (4 bytes).
    Removing gd32f4xx_trng.o(i.trng_deinit), (20 bytes).
    Removing gd32f4xx_trng.o(i.trng_disable), (20 bytes).
    Removing gd32f4xx_trng.o(i.trng_enable), (20 bytes).
    Removing gd32f4xx_trng.o(i.trng_flag_get), (24 bytes).
    Removing gd32f4xx_trng.o(i.trng_get_true_random_data), (12 bytes).
    Removing gd32f4xx_trng.o(i.trng_interrupt_disable), (20 bytes).
    Removing gd32f4xx_trng.o(i.trng_interrupt_enable), (20 bytes).
    Removing gd32f4xx_trng.o(i.trng_interrupt_flag_clear), (16 bytes).
    Removing gd32f4xx_trng.o(i.trng_interrupt_flag_get), (24 bytes).
    Removing gd32f4xx_usart.o(.rev16_text), (4 bytes).
    Removing gd32f4xx_usart.o(.revsh_text), (4 bytes).
    Removing gd32f4xx_usart.o(i.usart_address_config), (20 bytes).
    Removing gd32f4xx_usart.o(i.usart_baudrate_set), (232 bytes).
    Removing gd32f4xx_usart.o(i.usart_block_length_config), (28 bytes).
    Removing gd32f4xx_usart.o(i.usart_break_frame_coherence_config), (24 bytes).
    Removing gd32f4xx_usart.o(i.usart_data_first_config), (20 bytes).
    Removing gd32f4xx_usart.o(i.usart_data_receive), (10 bytes).
    Removing gd32f4xx_usart.o(i.usart_data_transmit), (8 bytes).
    Removing gd32f4xx_usart.o(i.usart_deinit), (220 bytes).
    Removing gd32f4xx_usart.o(i.usart_disable), (10 bytes).
    Removing gd32f4xx_usart.o(i.usart_dma_receive_config), (16 bytes).
    Removing gd32f4xx_usart.o(i.usart_dma_transmit_config), (16 bytes).
    Removing gd32f4xx_usart.o(i.usart_enable), (10 bytes).
    Removing gd32f4xx_usart.o(i.usart_flag_clear), (26 bytes).
    Removing gd32f4xx_usart.o(i.usart_flag_get), (30 bytes).
    Removing gd32f4xx_usart.o(i.usart_guard_time_config), (24 bytes).
    Removing gd32f4xx_usart.o(i.usart_halfduplex_disable), (10 bytes).
    Removing gd32f4xx_usart.o(i.usart_halfduplex_enable), (10 bytes).
    Removing gd32f4xx_usart.o(i.usart_hardware_flow_coherence_config), (24 bytes).
    Removing gd32f4xx_usart.o(i.usart_hardware_flow_cts_config), (16 bytes).
    Removing gd32f4xx_usart.o(i.usart_hardware_flow_rts_config), (16 bytes).
    Removing gd32f4xx_usart.o(i.usart_interrupt_disable), (26 bytes).
    Removing gd32f4xx_usart.o(i.usart_interrupt_enable), (26 bytes).
    Removing gd32f4xx_usart.o(i.usart_interrupt_flag_clear), (26 bytes).
    Removing gd32f4xx_usart.o(i.usart_interrupt_flag_get), (56 bytes).
    Removing gd32f4xx_usart.o(i.usart_invert_config), (104 bytes).
    Removing gd32f4xx_usart.o(i.usart_irda_lowpower_config), (20 bytes).
    Removing gd32f4xx_usart.o(i.usart_irda_mode_disable), (10 bytes).
    Removing gd32f4xx_usart.o(i.usart_irda_mode_enable), (10 bytes).
    Removing gd32f4xx_usart.o(i.usart_lin_break_detection_length_config), (20 bytes).
    Removing gd32f4xx_usart.o(i.usart_lin_mode_disable), (10 bytes).
    Removing gd32f4xx_usart.o(i.usart_lin_mode_enable), (10 bytes).
    Removing gd32f4xx_usart.o(i.usart_mute_mode_disable), (10 bytes).
    Removing gd32f4xx_usart.o(i.usart_mute_mode_enable), (10 bytes).
    Removing gd32f4xx_usart.o(i.usart_mute_mode_wakeup_config), (16 bytes).
    Removing gd32f4xx_usart.o(i.usart_oversample_config), (16 bytes).
    Removing gd32f4xx_usart.o(i.usart_parity_check_coherence_config), (24 bytes).
    Removing gd32f4xx_usart.o(i.usart_parity_config), (16 bytes).
    Removing gd32f4xx_usart.o(i.usart_prescaler_config), (16 bytes).
    Removing gd32f4xx_usart.o(i.usart_receive_config), (16 bytes).
    Removing gd32f4xx_usart.o(i.usart_receiver_timeout_disable), (14 bytes).
    Removing gd32f4xx_usart.o(i.usart_receiver_timeout_enable), (14 bytes).
    Removing gd32f4xx_usart.o(i.usart_receiver_timeout_threshold_config), (20 bytes).
    Removing gd32f4xx_usart.o(i.usart_sample_bit_config), (16 bytes).
    Removing gd32f4xx_usart.o(i.usart_send_break), (10 bytes).
    Removing gd32f4xx_usart.o(i.usart_smartcard_autoretry_config), (26 bytes).
    Removing gd32f4xx_usart.o(i.usart_smartcard_mode_disable), (10 bytes).
    Removing gd32f4xx_usart.o(i.usart_smartcard_mode_enable), (10 bytes).
    Removing gd32f4xx_usart.o(i.usart_smartcard_mode_nack_disable), (10 bytes).
    Removing gd32f4xx_usart.o(i.usart_smartcard_mode_nack_enable), (10 bytes).
    Removing gd32f4xx_usart.o(i.usart_stop_bit_set), (16 bytes).
    Removing gd32f4xx_usart.o(i.usart_synchronous_clock_config), (34 bytes).
    Removing gd32f4xx_usart.o(i.usart_synchronous_clock_disable), (10 bytes).
    Removing gd32f4xx_usart.o(i.usart_synchronous_clock_enable), (10 bytes).
    Removing gd32f4xx_usart.o(i.usart_transmit_config), (16 bytes).
    Removing gd32f4xx_usart.o(i.usart_word_length_set), (16 bytes).
    Removing gd32f4xx_wwdgt.o(.rev16_text), (4 bytes).
    Removing gd32f4xx_wwdgt.o(.revsh_text), (4 bytes).
    Removing gd32f4xx_wwdgt.o(i.wwdgt_config), (28 bytes).
    Removing gd32f4xx_wwdgt.o(i.wwdgt_counter_update), (16 bytes).
    Removing gd32f4xx_wwdgt.o(i.wwdgt_deinit), (20 bytes).
    Removing gd32f4xx_wwdgt.o(i.wwdgt_enable), (20 bytes).
    Removing gd32f4xx_wwdgt.o(i.wwdgt_flag_clear), (12 bytes).
    Removing gd32f4xx_wwdgt.o(i.wwdgt_flag_get), (24 bytes).
    Removing gd32f4xx_wwdgt.o(i.wwdgt_interrupt_enable), (20 bytes).
    Removing startup_gd32f407_427.o(HEAP), (1024 bytes).
    Removing croutine.o(.rev16_text), (4 bytes).
    Removing croutine.o(.revsh_text), (4 bytes).
    Removing event_groups.o(.rev16_text), (4 bytes).
    Removing event_groups.o(.revsh_text), (4 bytes).
    Removing event_groups.o(i.prvTestWaitCondition), (30 bytes).
    Removing event_groups.o(i.uxEventGroupGetNumber), (14 bytes).
    Removing event_groups.o(i.vEventGroupClearBitsCallback), (16 bytes).
    Removing event_groups.o(i.vEventGroupDelete), (106 bytes).
    Removing event_groups.o(i.vEventGroupSetBitsCallback), (16 bytes).
    Removing event_groups.o(i.vEventGroupSetNumber), (4 bytes).
    Removing event_groups.o(i.xEventGroupClearBits), (92 bytes).
    Removing event_groups.o(i.xEventGroupCreate), (26 bytes).
    Removing event_groups.o(i.xEventGroupGetBitsFromISR), (44 bytes).
    Removing event_groups.o(i.xEventGroupSetBits), (206 bytes).
    Removing event_groups.o(i.xEventGroupSync), (272 bytes).
    Removing event_groups.o(i.xEventGroupWaitBits), (344 bytes).
    Removing list.o(.rev16_text), (4 bytes).
    Removing list.o(.revsh_text), (4 bytes).
    Removing list.o(i.vListInsertEnd), (24 bytes).
    Removing queue.o(.rev16_text), (4 bytes).
    Removing queue.o(.revsh_text), (4 bytes).
    Removing queue.o(i.pcQueueGetName), (68 bytes).
    Removing queue.o(i.prvGetDisinheritPriorityAfterTimeout), (20 bytes).
    Removing queue.o(i.prvInitialiseMutex), (30 bytes).
    Removing queue.o(i.prvIsQueueFull), (30 bytes).
    Removing queue.o(i.ucQueueGetQueueType), (8 bytes).
    Removing queue.o(i.uxQueueGetQueueNumber), (6 bytes).
    Removing queue.o(i.uxQueueMessagesWaiting), (42 bytes).
    Removing queue.o(i.uxQueueMessagesWaitingFromISR), (34 bytes).
    Removing queue.o(i.uxQueueSpacesAvailable), (48 bytes).
    Removing queue.o(i.vQueueDelete), (44 bytes).
    Removing queue.o(i.vQueueSetQueueNumber), (4 bytes).
    Removing queue.o(i.vQueueUnregisterQueue), (72 bytes).
    Removing queue.o(i.xQueueAddToSet), (38 bytes).
    Removing queue.o(i.xQueueCreateCountingSemaphore), (60 bytes).
    Removing queue.o(i.xQueueCreateMutex), (34 bytes).
    Removing queue.o(i.xQueueCreateSet), (20 bytes).
    Removing queue.o(i.xQueueGenericSend), (472 bytes).
    Removing queue.o(i.xQueueGenericSendFromISR), (324 bytes).
    Removing queue.o(i.xQueueGiveFromISR), (286 bytes).
    Removing queue.o(i.xQueueGiveMutexRecursive), (72 bytes).
    Removing queue.o(i.xQueueIsQueueEmptyFromISR), (42 bytes).
    Removing queue.o(i.xQueueIsQueueFullFromISR), (46 bytes).
    Removing queue.o(i.xQueuePeek), (368 bytes).
    Removing queue.o(i.xQueuePeekFromISR), (176 bytes).
    Removing queue.o(i.xQueueReceiveFromISR), (252 bytes).
    Removing queue.o(i.xQueueRemoveFromSet), (48 bytes).
    Removing queue.o(i.xQueueSelectFromSet), (24 bytes).
    Removing queue.o(i.xQueueSelectFromSetFromISR), (22 bytes).
    Removing queue.o(i.xQueueSemaphoreTake), (404 bytes).
    Removing queue.o(i.xQueueTakeMutexRecursive), (78 bytes).
    Removing stream_buffer.o(.rev16_text), (4 bytes).
    Removing stream_buffer.o(.revsh_text), (4 bytes).
    Removing stream_buffer.o(i.prvBytesInBuffer), (24 bytes).
    Removing stream_buffer.o(i.prvInitialiseNewStreamBuffer), (90 bytes).
    Removing stream_buffer.o(i.prvReadBytesFromBuffer), (180 bytes).
    Removing stream_buffer.o(i.prvReadMessageFromBuffer), (90 bytes).
    Removing stream_buffer.o(i.prvWriteBytesToBuffer), (184 bytes).
    Removing stream_buffer.o(i.prvWriteMessageToBuffer), (124 bytes).
    Removing stream_buffer.o(i.ucStreamBufferGetStreamBufferType), (10 bytes).
    Removing stream_buffer.o(i.uxStreamBufferGetStreamBufferNumber), (6 bytes).
    Removing stream_buffer.o(i.vStreamBufferDelete), (56 bytes).
    Removing stream_buffer.o(i.vStreamBufferSetStreamBufferNumber), (4 bytes).
    Removing stream_buffer.o(i.xStreamBufferBytesAvailable), (42 bytes).
    Removing stream_buffer.o(i.xStreamBufferGenericCreate), (180 bytes).
    Removing stream_buffer.o(i.xStreamBufferIsEmpty), (46 bytes).
    Removing stream_buffer.o(i.xStreamBufferIsFull), (64 bytes).
    Removing stream_buffer.o(i.xStreamBufferNextMessageLengthBytes), (108 bytes).
    Removing stream_buffer.o(i.xStreamBufferReceive), (262 bytes).
    Removing stream_buffer.o(i.xStreamBufferReceiveCompletedFromISR), (104 bytes).
    Removing stream_buffer.o(i.xStreamBufferReceiveFromISR), (184 bytes).
    Removing stream_buffer.o(i.xStreamBufferReset), (84 bytes).
    Removing stream_buffer.o(i.xStreamBufferSend), (346 bytes).
    Removing stream_buffer.o(i.xStreamBufferSendCompletedFromISR), (104 bytes).
    Removing stream_buffer.o(i.xStreamBufferSendFromISR), (186 bytes).
    Removing stream_buffer.o(i.xStreamBufferSetTriggerLevel), (50 bytes).
    Removing stream_buffer.o(i.xStreamBufferSpacesAvailable), (64 bytes).
    Removing tasks.o(.rev16_text), (4 bytes).
    Removing tasks.o(.revsh_text), (4 bytes).
    Removing tasks.o(i.eTaskGetState), (164 bytes).
    Removing tasks.o(i.pcTaskGetName), (48 bytes).
    Removing tasks.o(i.prvListTasksWithinSingleList), (106 bytes).
    Removing tasks.o(i.prvSearchForNameWithinSingleList), (176 bytes).
    Removing tasks.o(i.prvTaskCheckFreeStackSpace), (22 bytes).
    Removing tasks.o(i.prvTaskIsTaskSuspended), (88 bytes).
    Removing tasks.o(i.prvWriteNameToBuffer), (42 bytes).
    Removing tasks.o(i.pvTaskIncrementMutexHeldCount), (32 bytes).
    Removing tasks.o(i.ulTaskGenericNotifyTake), (168 bytes).
    Removing tasks.o(i.ulTaskGenericNotifyValueClear), (64 bytes).
    Removing tasks.o(i.uxTaskGetStackHighWaterMark), (40 bytes).
    Removing tasks.o(i.uxTaskGetSystemState), (176 bytes).
    Removing tasks.o(i.uxTaskGetTaskNumber), (14 bytes).
    Removing tasks.o(i.uxTaskPriorityGet), (36 bytes).
    Removing tasks.o(i.uxTaskPriorityGetFromISR), (68 bytes).
    Removing tasks.o(i.uxTaskResetEventItemValue), (28 bytes).
    Removing tasks.o(i.vTaskDelete), (252 bytes).
    Removing tasks.o(i.vTaskEndScheduler), (36 bytes).
    Removing tasks.o(i.vTaskGenericNotifyGiveFromISR), (396 bytes).
    Removing tasks.o(i.vTaskGetInfo), (132 bytes).
    Removing tasks.o(i.vTaskList), (220 bytes).
    Removing tasks.o(i.vTaskPlaceOnUnorderedEventList), (144 bytes).
    Removing tasks.o(i.vTaskPriorityDisinheritAfterTimeout), (280 bytes).
    Removing tasks.o(i.vTaskPrioritySet), (328 bytes).
    Removing tasks.o(i.vTaskRemoveFromUnorderedEventList), (272 bytes).
    Removing tasks.o(i.vTaskResume), (196 bytes).
    Removing tasks.o(i.vTaskSetTaskNumber), (8 bytes).
    Removing tasks.o(i.vTaskSetTimeOutState), (60 bytes).
    Removing tasks.o(i.vTaskSuspend), (256 bytes).
    Removing tasks.o(i.xTaskCatchUpTicks), (80 bytes).
    Removing tasks.o(i.xTaskDelayUntil), (216 bytes).
    Removing tasks.o(i.xTaskGenericNotify), (464 bytes).
    Removing tasks.o(i.xTaskGenericNotifyFromISR), (548 bytes).
    Removing tasks.o(i.xTaskGenericNotifyStateClear), (96 bytes).
    Removing tasks.o(i.xTaskGenericNotifyWait), (204 bytes).
    Removing tasks.o(i.xTaskGetCurrentTaskHandle), (12 bytes).
    Removing tasks.o(i.xTaskGetHandle), (164 bytes).
    Removing tasks.o(i.xTaskGetTickCountFromISR), (20 bytes).
    Removing tasks.o(i.xTaskPriorityInherit), (236 bytes).
    Removing tasks.o(i.xTaskResumeFromISR), (244 bytes).
    Removing timers.o(.rev16_text), (4 bytes).
    Removing timers.o(.revsh_text), (4 bytes).
    Removing timers.o(i.pcTimerGetName), (32 bytes).
    Removing timers.o(i.prvInitialiseNewTimer), (88 bytes).
    Removing timers.o(i.pvTimerGetTimerID), (44 bytes).
    Removing timers.o(i.uxTimerGetReloadMode), (12 bytes).
    Removing timers.o(i.uxTimerGetTimerNumber), (6 bytes).
    Removing timers.o(i.vTimerSetReloadMode), (70 bytes).
    Removing timers.o(i.vTimerSetTimerID), (44 bytes).
    Removing timers.o(i.vTimerSetTimerNumber), (4 bytes).
    Removing timers.o(i.xTimerCreate), (54 bytes).
    Removing timers.o(i.xTimerGenericCommand), (132 bytes).
    Removing timers.o(i.xTimerGetExpiryTime), (34 bytes).
    Removing timers.o(i.xTimerGetPeriod), (32 bytes).
    Removing timers.o(i.xTimerGetReloadMode), (58 bytes).
    Removing timers.o(i.xTimerGetTimerDaemonTaskHandle), (48 bytes).
    Removing timers.o(i.xTimerIsTimerActive), (58 bytes).
    Removing heap_4.o(.rev16_text), (4 bytes).
    Removing heap_4.o(.revsh_text), (4 bytes).
    Removing heap_4.o(i.pvPortCalloc), (54 bytes).
    Removing heap_4.o(i.vPortGetHeapStats), (128 bytes).
    Removing heap_4.o(i.vPortInitialiseBlocks), (2 bytes).
    Removing heap_4.o(i.xPortGetFreeHeapSize), (12 bytes).
    Removing heap_4.o(i.xPortGetMinimumEverFreeHeapSize), (12 bytes).
    Removing port.o(.rev16_text), (4 bytes).
    Removing port.o(.revsh_text), (4 bytes).
    Removing port.o(i.vPortEndScheduler), (48 bytes).
    Removing port.o(i.vPortValidateInterruptPriority), (120 bytes).
    Removing dadd.o(.text), (334 bytes).
    Removing dmul.o(.text), (228 bytes).
    Removing ddiv.o(.text), (222 bytes).
    Removing dfixul.o(.text), (48 bytes).
    Removing cdrcmple.o(.text), (48 bytes).
    Removing depilogue.o(.text), (186 bytes).

1072 unused section(s) (total 71698 bytes) removed from the image.

==============================================================================

Image Symbol Table

    Local Symbols

    Symbol Name                              Value     Ov Type        Size  Object(Section)

    ../clib/microlib/division.c              0x00000000   Number         0  uldiv.o ABSOLUTE
    ../clib/microlib/division.c              0x00000000   Number         0  uidiv.o ABSOLUTE
    ../clib/microlib/init/entry.s            0x00000000   Number         0  entry11a.o ABSOLUTE
    ../clib/microlib/init/entry.s            0x00000000   Number         0  entry8a.o ABSOLUTE
    ../clib/microlib/init/entry.s            0x00000000   Number         0  entry8b.o ABSOLUTE
    ../clib/microlib/init/entry.s            0x00000000   Number         0  entry9a.o ABSOLUTE
    ../clib/microlib/init/entry.s            0x00000000   Number         0  entry12b.o ABSOLUTE
    ../clib/microlib/init/entry.s            0x00000000   Number         0  entry9b.o ABSOLUTE
    ../clib/microlib/init/entry.s            0x00000000   Number         0  entry10a.o ABSOLUTE
    ../clib/microlib/init/entry.s            0x00000000   Number         0  entry.o ABSOLUTE
    ../clib/microlib/init/entry.s            0x00000000   Number         0  entry10b.o ABSOLUTE
    ../clib/microlib/init/entry.s            0x00000000   Number         0  entry2.o ABSOLUTE
    ../clib/microlib/init/entry.s            0x00000000   Number         0  entry5.o ABSOLUTE
    ../clib/microlib/init/entry.s            0x00000000   Number         0  entry7a.o ABSOLUTE
    ../clib/microlib/init/entry.s            0x00000000   Number         0  entry7b.o ABSOLUTE
    ../clib/microlib/init/entry.s            0x00000000   Number         0  entry11b.o ABSOLUTE
    ../clib/microlib/init/entry.s            0x00000000   Number         0  entry12a.o ABSOLUTE
    ../clib/microlib/longlong.c              0x00000000   Number         0  llsshr.o ABSOLUTE
    ../clib/microlib/longlong.c              0x00000000   Number         0  llushr.o ABSOLUTE
    ../clib/microlib/longlong.c              0x00000000   Number         0  llshl.o ABSOLUTE
    ../clib/microlib/printf/printf.c         0x00000000   Number         0  printf5.o ABSOLUTE
    ../clib/microlib/printf/printf.c         0x00000000   Number         0  printf6.o ABSOLUTE
    ../clib/microlib/printf/printf.c         0x00000000   Number         0  printf7.o ABSOLUTE
    ../clib/microlib/printf/printf.c         0x00000000   Number         0  printf2.o ABSOLUTE
    ../clib/microlib/printf/printf.c         0x00000000   Number         0  printf8.o ABSOLUTE
    ../clib/microlib/printf/printf.c         0x00000000   Number         0  printfa.o ABSOLUTE
    ../clib/microlib/printf/printf.c         0x00000000   Number         0  printfb.o ABSOLUTE
    ../clib/microlib/printf/printf.c         0x00000000   Number         0  printf0.o ABSOLUTE
    ../clib/microlib/printf/printf.c         0x00000000   Number         0  printf1.o ABSOLUTE
    ../clib/microlib/printf/printf.c         0x00000000   Number         0  printf3.o ABSOLUTE
    ../clib/microlib/printf/printf.c         0x00000000   Number         0  printf4.o ABSOLUTE
    ../clib/microlib/printf/stubs.s          0x00000000   Number         0  stubs.o ABSOLUTE
    ../clib/microlib/stdio/fputc.c           0x00000000   Number         0  fputc.o ABSOLUTE
    ../clib/microlib/stdio/semi.s            0x00000000   Number         0  semi.o ABSOLUTE
    ../clib/microlib/stdio/streams.c         0x00000000   Number         0  stdout.o ABSOLUTE
    ../clib/microlib/string/memcpy.c         0x00000000   Number         0  memcpya.o ABSOLUTE
    ../clib/microlib/string/memcpy.c         0x00000000   Number         0  memcpyb.o ABSOLUTE
    ../clib/microlib/string/memset.c         0x00000000   Number         0  memset.o ABSOLUTE
    ../clib/microlib/string/memset.c         0x00000000   Number         0  memseta.o ABSOLUTE
    ../clib/microlib/string/strcpy.c         0x00000000   Number         0  strcpy.o ABSOLUTE
    ../clib/microlib/string/strlen.c         0x00000000   Number         0  strlen.o ABSOLUTE
    ../clib/microlib/stubs.s                 0x00000000   Number         0  iusesemip.o ABSOLUTE
    ../clib/microlib/stubs.s                 0x00000000   Number         0  iusefp.o ABSOLUTE
    ../fplib/microlib/fpadd.c                0x00000000   Number         0  dadd.o ABSOLUTE
    ../fplib/microlib/fpdiv.c                0x00000000   Number         0  ddiv.o ABSOLUTE
    ../fplib/microlib/fpepilogue.c           0x00000000   Number         0  depilogue.o ABSOLUTE
    ../fplib/microlib/fpfix.c                0x00000000   Number         0  dfixul.o ABSOLUTE
    ../fplib/microlib/fpmul.c                0x00000000   Number         0  dmul.o ABSOLUTE
    ..\BSP\bsp_led.c                         0x00000000   Number         0  bsp_led.o ABSOLUTE
    ..\Firmware\CMSIS\GD\GD32F4xx\Source\ARM\startup_gd32f407_427.s 0x00000000   Number         0  startup_gd32f407_427.o ABSOLUTE
    ..\Firmware\CMSIS\GD\GD32F4xx\Source\system_gd32f4xx.c 0x00000000   Number         0  system_gd32f4xx.o ABSOLUTE
    ..\Firmware\GD32F4xx_standard_peripheral\Source\gd32f4xx_adc.c 0x00000000   Number         0  gd32f4xx_adc.o ABSOLUTE
    ..\Firmware\GD32F4xx_standard_peripheral\Source\gd32f4xx_can.c 0x00000000   Number         0  gd32f4xx_can.o ABSOLUTE
    ..\Firmware\GD32F4xx_standard_peripheral\Source\gd32f4xx_crc.c 0x00000000   Number         0  gd32f4xx_crc.o ABSOLUTE
    ..\Firmware\GD32F4xx_standard_peripheral\Source\gd32f4xx_ctc.c 0x00000000   Number         0  gd32f4xx_ctc.o ABSOLUTE
    ..\Firmware\GD32F4xx_standard_peripheral\Source\gd32f4xx_dac.c 0x00000000   Number         0  gd32f4xx_dac.o ABSOLUTE
    ..\Firmware\GD32F4xx_standard_peripheral\Source\gd32f4xx_dbg.c 0x00000000   Number         0  gd32f4xx_dbg.o ABSOLUTE
    ..\Firmware\GD32F4xx_standard_peripheral\Source\gd32f4xx_dci.c 0x00000000   Number         0  gd32f4xx_dci.o ABSOLUTE
    ..\Firmware\GD32F4xx_standard_peripheral\Source\gd32f4xx_dma.c 0x00000000   Number         0  gd32f4xx_dma.o ABSOLUTE
    ..\Firmware\GD32F4xx_standard_peripheral\Source\gd32f4xx_enet.c 0x00000000   Number         0  gd32f4xx_enet.o ABSOLUTE
    ..\Firmware\GD32F4xx_standard_peripheral\Source\gd32f4xx_exmc.c 0x00000000   Number         0  gd32f4xx_exmc.o ABSOLUTE
    ..\Firmware\GD32F4xx_standard_peripheral\Source\gd32f4xx_exti.c 0x00000000   Number         0  gd32f4xx_exti.o ABSOLUTE
    ..\Firmware\GD32F4xx_standard_peripheral\Source\gd32f4xx_fmc.c 0x00000000   Number         0  gd32f4xx_fmc.o ABSOLUTE
    ..\Firmware\GD32F4xx_standard_peripheral\Source\gd32f4xx_fwdgt.c 0x00000000   Number         0  gd32f4xx_fwdgt.o ABSOLUTE
    ..\Firmware\GD32F4xx_standard_peripheral\Source\gd32f4xx_gpio.c 0x00000000   Number         0  gd32f4xx_gpio.o ABSOLUTE
    ..\Firmware\GD32F4xx_standard_peripheral\Source\gd32f4xx_i2c.c 0x00000000   Number         0  gd32f4xx_i2c.o ABSOLUTE
    ..\Firmware\GD32F4xx_standard_peripheral\Source\gd32f4xx_ipa.c 0x00000000   Number         0  gd32f4xx_ipa.o ABSOLUTE
    ..\Firmware\GD32F4xx_standard_peripheral\Source\gd32f4xx_iref.c 0x00000000   Number         0  gd32f4xx_iref.o ABSOLUTE
    ..\Firmware\GD32F4xx_standard_peripheral\Source\gd32f4xx_misc.c 0x00000000   Number         0  gd32f4xx_misc.o ABSOLUTE
    ..\Firmware\GD32F4xx_standard_peripheral\Source\gd32f4xx_pmu.c 0x00000000   Number         0  gd32f4xx_pmu.o ABSOLUTE
    ..\Firmware\GD32F4xx_standard_peripheral\Source\gd32f4xx_rcu.c 0x00000000   Number         0  gd32f4xx_rcu.o ABSOLUTE
    ..\Firmware\GD32F4xx_standard_peripheral\Source\gd32f4xx_rtc.c 0x00000000   Number         0  gd32f4xx_rtc.o ABSOLUTE
    ..\Firmware\GD32F4xx_standard_peripheral\Source\gd32f4xx_sdio.c 0x00000000   Number         0  gd32f4xx_sdio.o ABSOLUTE
    ..\Firmware\GD32F4xx_standard_peripheral\Source\gd32f4xx_spi.c 0x00000000   Number         0  gd32f4xx_spi.o ABSOLUTE
    ..\Firmware\GD32F4xx_standard_peripheral\Source\gd32f4xx_syscfg.c 0x00000000   Number         0  gd32f4xx_syscfg.o ABSOLUTE
    ..\Firmware\GD32F4xx_standard_peripheral\Source\gd32f4xx_timer.c 0x00000000   Number         0  gd32f4xx_timer.o ABSOLUTE
    ..\Firmware\GD32F4xx_standard_peripheral\Source\gd32f4xx_tli.c 0x00000000   Number         0  gd32f4xx_tli.o ABSOLUTE
    ..\Firmware\GD32F4xx_standard_peripheral\Source\gd32f4xx_trng.c 0x00000000   Number         0  gd32f4xx_trng.o ABSOLUTE
    ..\Firmware\GD32F4xx_standard_peripheral\Source\gd32f4xx_usart.c 0x00000000   Number         0  gd32f4xx_usart.o ABSOLUTE
    ..\Firmware\GD32F4xx_standard_peripheral\Source\gd32f4xx_wwdgt.c 0x00000000   Number         0  gd32f4xx_wwdgt.o ABSOLUTE
    ..\FreeRTOS-Kernel\croutine.c            0x00000000   Number         0  croutine.o ABSOLUTE
    ..\FreeRTOS-Kernel\event_groups.c        0x00000000   Number         0  event_groups.o ABSOLUTE
    ..\FreeRTOS-Kernel\list.c                0x00000000   Number         0  list.o ABSOLUTE
    ..\FreeRTOS-Kernel\portable\MemMang\heap_4.c 0x00000000   Number         0  heap_4.o ABSOLUTE
    ..\FreeRTOS-Kernel\portable\RVDS\ARM_CM4F\port.c 0x00000000   Number         0  port.o ABSOLUTE
    ..\FreeRTOS-Kernel\queue.c               0x00000000   Number         0  queue.o ABSOLUTE
    ..\FreeRTOS-Kernel\stream_buffer.c       0x00000000   Number         0  stream_buffer.o ABSOLUTE
    ..\FreeRTOS-Kernel\tasks.c               0x00000000   Number         0  tasks.o ABSOLUTE
    ..\FreeRTOS-Kernel\timers.c              0x00000000   Number         0  timers.o ABSOLUTE
    ..\\BSP\\bsp_led.c                       0x00000000   Number         0  bsp_led.o ABSOLUTE
    ..\\Firmware\\CMSIS\\GD\\GD32F4xx\\Source\\system_gd32f4xx.c 0x00000000   Number         0  system_gd32f4xx.o ABSOLUTE
    ..\\Firmware\\GD32F4xx_standard_peripheral\\Source\\gd32f4xx_adc.c 0x00000000   Number         0  gd32f4xx_adc.o ABSOLUTE
    ..\\Firmware\\GD32F4xx_standard_peripheral\\Source\\gd32f4xx_can.c 0x00000000   Number         0  gd32f4xx_can.o ABSOLUTE
    ..\\Firmware\\GD32F4xx_standard_peripheral\\Source\\gd32f4xx_crc.c 0x00000000   Number         0  gd32f4xx_crc.o ABSOLUTE
    ..\\Firmware\\GD32F4xx_standard_peripheral\\Source\\gd32f4xx_ctc.c 0x00000000   Number         0  gd32f4xx_ctc.o ABSOLUTE
    ..\\Firmware\\GD32F4xx_standard_peripheral\\Source\\gd32f4xx_dac.c 0x00000000   Number         0  gd32f4xx_dac.o ABSOLUTE
    ..\\Firmware\\GD32F4xx_standard_peripheral\\Source\\gd32f4xx_dbg.c 0x00000000   Number         0  gd32f4xx_dbg.o ABSOLUTE
    ..\\Firmware\\GD32F4xx_standard_peripheral\\Source\\gd32f4xx_dci.c 0x00000000   Number         0  gd32f4xx_dci.o ABSOLUTE
    ..\\Firmware\\GD32F4xx_standard_peripheral\\Source\\gd32f4xx_dma.c 0x00000000   Number         0  gd32f4xx_dma.o ABSOLUTE
    ..\\Firmware\\GD32F4xx_standard_peripheral\\Source\\gd32f4xx_enet.c 0x00000000   Number         0  gd32f4xx_enet.o ABSOLUTE
    ..\\Firmware\\GD32F4xx_standard_peripheral\\Source\\gd32f4xx_exmc.c 0x00000000   Number         0  gd32f4xx_exmc.o ABSOLUTE
    ..\\Firmware\\GD32F4xx_standard_peripheral\\Source\\gd32f4xx_exti.c 0x00000000   Number         0  gd32f4xx_exti.o ABSOLUTE
    ..\\Firmware\\GD32F4xx_standard_peripheral\\Source\\gd32f4xx_fmc.c 0x00000000   Number         0  gd32f4xx_fmc.o ABSOLUTE
    ..\\Firmware\\GD32F4xx_standard_peripheral\\Source\\gd32f4xx_fwdgt.c 0x00000000   Number         0  gd32f4xx_fwdgt.o ABSOLUTE
    ..\\Firmware\\GD32F4xx_standard_peripheral\\Source\\gd32f4xx_gpio.c 0x00000000   Number         0  gd32f4xx_gpio.o ABSOLUTE
    ..\\Firmware\\GD32F4xx_standard_peripheral\\Source\\gd32f4xx_i2c.c 0x00000000   Number         0  gd32f4xx_i2c.o ABSOLUTE
    ..\\Firmware\\GD32F4xx_standard_peripheral\\Source\\gd32f4xx_ipa.c 0x00000000   Number         0  gd32f4xx_ipa.o ABSOLUTE
    ..\\Firmware\\GD32F4xx_standard_peripheral\\Source\\gd32f4xx_iref.c 0x00000000   Number         0  gd32f4xx_iref.o ABSOLUTE
    ..\\Firmware\\GD32F4xx_standard_peripheral\\Source\\gd32f4xx_misc.c 0x00000000   Number         0  gd32f4xx_misc.o ABSOLUTE
    ..\\Firmware\\GD32F4xx_standard_peripheral\\Source\\gd32f4xx_pmu.c 0x00000000   Number         0  gd32f4xx_pmu.o ABSOLUTE
    ..\\Firmware\\GD32F4xx_standard_peripheral\\Source\\gd32f4xx_rcu.c 0x00000000   Number         0  gd32f4xx_rcu.o ABSOLUTE
    ..\\Firmware\\GD32F4xx_standard_peripheral\\Source\\gd32f4xx_rtc.c 0x00000000   Number         0  gd32f4xx_rtc.o ABSOLUTE
    ..\\Firmware\\GD32F4xx_standard_peripheral\\Source\\gd32f4xx_sdio.c 0x00000000   Number         0  gd32f4xx_sdio.o ABSOLUTE
    ..\\Firmware\\GD32F4xx_standard_peripheral\\Source\\gd32f4xx_spi.c 0x00000000   Number         0  gd32f4xx_spi.o ABSOLUTE
    ..\\Firmware\\GD32F4xx_standard_peripheral\\Source\\gd32f4xx_syscfg.c 0x00000000   Number         0  gd32f4xx_syscfg.o ABSOLUTE
    ..\\Firmware\\GD32F4xx_standard_peripheral\\Source\\gd32f4xx_timer.c 0x00000000   Number         0  gd32f4xx_timer.o ABSOLUTE
    ..\\Firmware\\GD32F4xx_standard_peripheral\\Source\\gd32f4xx_tli.c 0x00000000   Number         0  gd32f4xx_tli.o ABSOLUTE
    ..\\Firmware\\GD32F4xx_standard_peripheral\\Source\\gd32f4xx_trng.c 0x00000000   Number         0  gd32f4xx_trng.o ABSOLUTE
    ..\\Firmware\\GD32F4xx_standard_peripheral\\Source\\gd32f4xx_usart.c 0x00000000   Number         0  gd32f4xx_usart.o ABSOLUTE
    ..\\Firmware\\GD32F4xx_standard_peripheral\\Source\\gd32f4xx_wwdgt.c 0x00000000   Number         0  gd32f4xx_wwdgt.o ABSOLUTE
    ..\\FreeRTOS-Kernel\\croutine.c          0x00000000   Number         0  croutine.o ABSOLUTE
    ..\\FreeRTOS-Kernel\\event_groups.c      0x00000000   Number         0  event_groups.o ABSOLUTE
    ..\\FreeRTOS-Kernel\\list.c              0x00000000   Number         0  list.o ABSOLUTE
    ..\\FreeRTOS-Kernel\\portable\\MemMang\\heap_4.c 0x00000000   Number         0  heap_4.o ABSOLUTE
    ..\\FreeRTOS-Kernel\\portable\\RVDS\\ARM_CM4F\\port.c 0x00000000   Number         0  port.o ABSOLUTE
    ..\\FreeRTOS-Kernel\\queue.c             0x00000000   Number         0  queue.o ABSOLUTE
    ..\\FreeRTOS-Kernel\\stream_buffer.c     0x00000000   Number         0  stream_buffer.o ABSOLUTE
    ..\\FreeRTOS-Kernel\\tasks.c             0x00000000   Number         0  tasks.o ABSOLUTE
    ..\\FreeRTOS-Kernel\\timers.c            0x00000000   Number         0  timers.o ABSOLUTE
    cdrcmple.s                               0x00000000   Number         0  cdrcmple.o ABSOLUTE
    dc.s                                     0x00000000   Number         0  dc.o ABSOLUTE
    gd32f4xx_it.c                            0x00000000   Number         0  gd32f4xx_it.o ABSOLUTE
    gd32f4xx_it.c                            0x00000000   Number         0  gd32f4xx_it.o ABSOLUTE
    handlers.s                               0x00000000   Number         0  handlers.o ABSOLUTE
    init.s                                   0x00000000   Number         0  init.o ABSOLUTE
    main.c                                   0x00000000   Number         0  main.o ABSOLUTE
    main.c                                   0x00000000   Number         0  main.o ABSOLUTE
    systick.c                                0x00000000   Number         0  systick.o ABSOLUTE
    systick.c                                0x00000000   Number         0  systick.o ABSOLUTE
    RESET                                    0x08000000   Section      392  startup_gd32f407_427.o(RESET)
    .ARM.Collect$$$$00000000                 0x08000188   Section        0  entry.o(.ARM.Collect$$$$00000000)
    .ARM.Collect$$$$00000001                 0x08000188   Section        4  entry2.o(.ARM.Collect$$$$00000001)
    .ARM.Collect$$$$00000004                 0x0800018c   Section        4  entry5.o(.ARM.Collect$$$$00000004)
    .ARM.Collect$$$$00000008                 0x08000190   Section        0  entry7b.o(.ARM.Collect$$$$00000008)
    .ARM.Collect$$$$0000000A                 0x08000190   Section        0  entry8b.o(.ARM.Collect$$$$0000000A)
    .ARM.Collect$$$$0000000B                 0x08000190   Section        8  entry9a.o(.ARM.Collect$$$$0000000B)
    .ARM.Collect$$$$0000000E                 0x08000198   Section        4  entry12b.o(.ARM.Collect$$$$0000000E)
    .ARM.Collect$$$$0000000F                 0x0800019c   Section        0  entry10a.o(.ARM.Collect$$$$0000000F)
    .ARM.Collect$$$$00000011                 0x0800019c   Section        0  entry11a.o(.ARM.Collect$$$$00000011)
    .ARM.Collect$$$$00002712                 0x0800019c   Section        4  entry2.o(.ARM.Collect$$$$00002712)
    __lit__00000000                          0x0800019c   Data           4  entry2.o(.ARM.Collect$$$$00002712)
    .emb_text                                0x080001a0   Section      190  port.o(.emb_text)
    $v0                                      0x080001a0   Number         0  port.o(.emb_text)
    .text                                    0x08000260   Section       36  startup_gd32f407_427.o(.text)
    $v0                                      0x08000260   Number         0  startup_gd32f407_427.o(.text)
    .text                                    0x08000284   Section        0  memcpya.o(.text)
    .text                                    0x080002a8   Section        0  memseta.o(.text)
    .text                                    0x080002cc   Section       36  init.o(.text)
    i.BusFault_Handler                       0x080002f0   Section        0  gd32f4xx_it.o(i.BusFault_Handler)
    i.DebugMon_Handler                       0x080002f4   Section        0  gd32f4xx_it.o(i.DebugMon_Handler)
    i.HardFault_Handler                      0x080002f6   Section        0  gd32f4xx_it.o(i.HardFault_Handler)
    i.MemManage_Handler                      0x080002fa   Section        0  gd32f4xx_it.o(i.MemManage_Handler)
    i.NMI_Handler                            0x080002fe   Section        0  gd32f4xx_it.o(i.NMI_Handler)
    i.NVIC_SetPriority                       0x08000300   Section        0  systick.o(i.NVIC_SetPriority)
    NVIC_SetPriority                         0x08000301   Thumb Code    32  systick.o(i.NVIC_SetPriority)
    i.SysTick_Handler                        0x08000328   Section        0  port.o(i.SysTick_Handler)
    i.SystemInit                             0x0800035c   Section        0  system_gd32f4xx.o(i.SystemInit)
    i.UsageFault_Handler                     0x08000430   Section        0  gd32f4xx_it.o(i.UsageFault_Handler)
    i.__scatterload_copy                     0x08000434   Section       14  handlers.o(i.__scatterload_copy)
    i.__scatterload_null                     0x08000442   Section        2  handlers.o(i.__scatterload_null)
    i.__scatterload_zeroinit                 0x08000444   Section       14  handlers.o(i.__scatterload_zeroinit)
    i.create_task                            0x08000454   Section        0  main.o(i.create_task)
    i.gpio_bit_reset                         0x08000488   Section        0  gd32f4xx_gpio.o(i.gpio_bit_reset)
    i.gpio_bit_set                           0x0800048c   Section        0  gd32f4xx_gpio.o(i.gpio_bit_set)
    i.gpio_mode_set                          0x08000490   Section        0  gd32f4xx_gpio.o(i.gpio_mode_set)
    i.gpio_output_options_set                0x080004de   Section        0  gd32f4xx_gpio.o(i.gpio_output_options_set)
    i.led_init                               0x08000520   Section        0  bsp_led.o(i.led_init)
    i.led_off                                0x08000550   Section        0  bsp_led.o(i.led_off)
    i.led_on                                 0x08000560   Section        0  bsp_led.o(i.led_on)
    i.led_task                               0x08000570   Section        0  bsp_led.o(i.led_task)
    i.main                                   0x08000590   Section        0  main.o(i.main)
    i.nvic_priority_group_set                0x080005a8   Section        0  gd32f4xx_misc.o(i.nvic_priority_group_set)
    i.prvAddCurrentTaskToDelayedList         0x080005bc   Section        0  tasks.o(i.prvAddCurrentTaskToDelayedList)
    prvAddCurrentTaskToDelayedList           0x080005bd   Thumb Code   164  tasks.o(i.prvAddCurrentTaskToDelayedList)
    i.prvAddNewTaskToReadyList               0x0800067c   Section        0  tasks.o(i.prvAddNewTaskToReadyList)
    prvAddNewTaskToReadyList                 0x0800067d   Thumb Code   206  tasks.o(i.prvAddNewTaskToReadyList)
    i.prvCheckForValidListAndQueue           0x08000768   Section        0  timers.o(i.prvCheckForValidListAndQueue)
    prvCheckForValidListAndQueue             0x08000769   Thumb Code    72  timers.o(i.prvCheckForValidListAndQueue)
    i.prvCheckTasksWaitingTermination        0x080007cc   Section        0  tasks.o(i.prvCheckTasksWaitingTermination)
    prvCheckTasksWaitingTermination          0x080007cd   Thumb Code    60  tasks.o(i.prvCheckTasksWaitingTermination)
    i.prvCopyDataFromQueue                   0x08000814   Section        0  queue.o(i.prvCopyDataFromQueue)
    prvCopyDataFromQueue                     0x08000815   Thumb Code    42  queue.o(i.prvCopyDataFromQueue)
    i.prvCopyDataToQueue                     0x0800083e   Section        0  queue.o(i.prvCopyDataToQueue)
    prvCopyDataToQueue                       0x0800083f   Thumb Code   126  queue.o(i.prvCopyDataToQueue)
    i.prvDeleteTCB                           0x080008bc   Section        0  tasks.o(i.prvDeleteTCB)
    prvDeleteTCB                             0x080008bd   Thumb Code    18  tasks.o(i.prvDeleteTCB)
    i.prvGetNextExpireTime                   0x080008d0   Section        0  timers.o(i.prvGetNextExpireTime)
    prvGetNextExpireTime                     0x080008d1   Thumb Code    36  timers.o(i.prvGetNextExpireTime)
    i.prvHeapInit                            0x080008f8   Section        0  heap_4.o(i.prvHeapInit)
    prvHeapInit                              0x080008f9   Thumb Code    90  heap_4.o(i.prvHeapInit)
    i.prvIdleTask                            0x08000968   Section        0  tasks.o(i.prvIdleTask)
    prvIdleTask                              0x08000969   Thumb Code    32  tasks.o(i.prvIdleTask)
    i.prvInitialiseNewQueue                  0x08000990   Section        0  queue.o(i.prvInitialiseNewQueue)
    prvInitialiseNewQueue                    0x08000991   Thumb Code    46  queue.o(i.prvInitialiseNewQueue)
    i.prvInitialiseNewTask                   0x080009be   Section        0  tasks.o(i.prvInitialiseNewTask)
    prvInitialiseNewTask                     0x080009bf   Thumb Code   204  tasks.o(i.prvInitialiseNewTask)
    i.prvInitialiseTaskLists                 0x08000a8c   Section        0  tasks.o(i.prvInitialiseTaskLists)
    prvInitialiseTaskLists                   0x08000a8d   Thumb Code    70  tasks.o(i.prvInitialiseTaskLists)
    i.prvInsertBlockIntoFreeList             0x08000af4   Section        0  heap_4.o(i.prvInsertBlockIntoFreeList)
    prvInsertBlockIntoFreeList               0x08000af5   Thumb Code    96  heap_4.o(i.prvInsertBlockIntoFreeList)
    i.prvInsertTimerInActiveList             0x08000b5c   Section        0  timers.o(i.prvInsertTimerInActiveList)
    prvInsertTimerInActiveList               0x08000b5d   Thumb Code    80  timers.o(i.prvInsertTimerInActiveList)
    i.prvIsQueueEmpty                        0x08000bb4   Section        0  queue.o(i.prvIsQueueEmpty)
    prvIsQueueEmpty                          0x08000bb5   Thumb Code    26  queue.o(i.prvIsQueueEmpty)
    i.prvNotifyQueueSetContainer             0x08000bce   Section        0  queue.o(i.prvNotifyQueueSetContainer)
    prvNotifyQueueSetContainer               0x08000bcf   Thumb Code   184  queue.o(i.prvNotifyQueueSetContainer)
    i.prvProcessExpiredTimer                 0x08000c88   Section        0  timers.o(i.prvProcessExpiredTimer)
    prvProcessExpiredTimer                   0x08000c89   Thumb Code    62  timers.o(i.prvProcessExpiredTimer)
    i.prvProcessReceivedCommands             0x08000ccc   Section        0  timers.o(i.prvProcessReceivedCommands)
    prvProcessReceivedCommands               0x08000ccd   Thumb Code   280  timers.o(i.prvProcessReceivedCommands)
    i.prvProcessTimerOrBlockTask             0x08000de8   Section        0  timers.o(i.prvProcessTimerOrBlockTask)
    prvProcessTimerOrBlockTask               0x08000de9   Thumb Code   102  timers.o(i.prvProcessTimerOrBlockTask)
    i.prvReloadTimer                         0x08000e5c   Section        0  timers.o(i.prvReloadTimer)
    prvReloadTimer                           0x08000e5d   Thumb Code    40  timers.o(i.prvReloadTimer)
    i.prvResetNextTaskUnblockTime            0x08000e84   Section        0  tasks.o(i.prvResetNextTaskUnblockTime)
    prvResetNextTaskUnblockTime              0x08000e85   Thumb Code    40  tasks.o(i.prvResetNextTaskUnblockTime)
    i.prvSampleTimeNow                       0x08000eb4   Section        0  timers.o(i.prvSampleTimeNow)
    prvSampleTimeNow                         0x08000eb5   Thumb Code    40  timers.o(i.prvSampleTimeNow)
    i.prvSwitchTimerLists                    0x08000ee0   Section        0  timers.o(i.prvSwitchTimerLists)
    prvSwitchTimerLists                      0x08000ee1   Thumb Code    58  timers.o(i.prvSwitchTimerLists)
    i.prvTaskExitError                       0x08000f24   Section        0  port.o(i.prvTaskExitError)
    prvTaskExitError                         0x08000f25   Thumb Code    60  port.o(i.prvTaskExitError)
    i.prvTimerTask                           0x08000f64   Section        0  timers.o(i.prvTimerTask)
    prvTimerTask                             0x08000f65   Thumb Code    26  timers.o(i.prvTimerTask)
    i.prvUnlockQueue                         0x08000f7e   Section        0  queue.o(i.prvUnlockQueue)
    prvUnlockQueue                           0x08000f7f   Thumb Code   144  queue.o(i.prvUnlockQueue)
    i.pvPortMalloc                           0x08001010   Section        0  heap_4.o(i.pvPortMalloc)
    i.pxPortInitialiseStack                  0x0800113c   Section        0  port.o(i.pxPortInitialiseStack)
    i.rcu_periph_clock_enable                0x08001168   Section        0  gd32f4xx_rcu.o(i.rcu_periph_clock_enable)
    i.system_clock_200m_25m_hxtal            0x0800118c   Section        0  system_gd32f4xx.o(i.system_clock_200m_25m_hxtal)
    system_clock_200m_25m_hxtal              0x0800118d   Thumb Code   240  system_gd32f4xx.o(i.system_clock_200m_25m_hxtal)
    i.system_clock_config                    0x08001288   Section        0  system_gd32f4xx.o(i.system_clock_config)
    system_clock_config                      0x08001289   Thumb Code     8  system_gd32f4xx.o(i.system_clock_config)
    i.systick_config                         0x08001290   Section        0  systick.o(i.systick_config)
    i.uxListRemove                           0x080012e0   Section        0  list.o(i.uxListRemove)
    i.uxTaskGetNumberOfTasks                 0x08001308   Section        0  tasks.o(i.uxTaskGetNumberOfTasks)
    i.vListInitialise                        0x08001314   Section        0  list.o(i.vListInitialise)
    i.vListInitialiseItem                    0x0800132e   Section        0  list.o(i.vListInitialiseItem)
    i.vListInsert                            0x08001334   Section        0  list.o(i.vListInsert)
    i.vPortEnterCritical                     0x08001368   Section        0  port.o(i.vPortEnterCritical)
    i.vPortExitCritical                      0x080013bc   Section        0  port.o(i.vPortExitCritical)
    i.vPortFree                              0x080013f8   Section        0  heap_4.o(i.vPortFree)
    i.vPortSetupTimerInterrupt               0x08001484   Section        0  port.o(i.vPortSetupTimerInterrupt)
    i.vQueueAddToRegistry                    0x080014ac   Section        0  queue.o(i.vQueueAddToRegistry)
    i.vQueueWaitForMessageRestricted         0x0800150c   Section        0  queue.o(i.vQueueWaitForMessageRestricted)
    i.vTaskDelay                             0x08001558   Section        0  tasks.o(i.vTaskDelay)
    i.vTaskInternalSetTimeOutState           0x080015b4   Section        0  tasks.o(i.vTaskInternalSetTimeOutState)
    i.vTaskMissedYield                       0x080015cc   Section        0  tasks.o(i.vTaskMissedYield)
    i.vTaskPlaceOnEventList                  0x080015d8   Section        0  tasks.o(i.vTaskPlaceOnEventList)
    i.vTaskPlaceOnEventListRestricted        0x08001610   Section        0  tasks.o(i.vTaskPlaceOnEventListRestricted)
    i.vTaskStartScheduler                    0x08001674   Section        0  tasks.o(i.vTaskStartScheduler)
    i.vTaskSuspendAll                        0x08001710   Section        0  tasks.o(i.vTaskSuspendAll)
    i.vTaskSwitchContext                     0x08001720   Section        0  tasks.o(i.vTaskSwitchContext)
    i.xPortStartScheduler                    0x080017ac   Section        0  port.o(i.xPortStartScheduler)
    i.xQueueGenericCreate                    0x0800193c   Section        0  queue.o(i.xQueueGenericCreate)
    i.xQueueGenericReset                     0x080019a4   Section        0  queue.o(i.xQueueGenericReset)
    i.xQueueReceive                          0x08001a80   Section        0  queue.o(i.xQueueReceive)
    i.xTaskCheckForTimeOut                   0x08001be8   Section        0  tasks.o(i.xTaskCheckForTimeOut)
    i.xTaskCreate                            0x08001c78   Section        0  tasks.o(i.xTaskCreate)
    i.xTaskGetSchedulerState                 0x08001ce0   Section        0  tasks.o(i.xTaskGetSchedulerState)
    i.xTaskGetTickCount                      0x08001d00   Section        0  tasks.o(i.xTaskGetTickCount)
    i.xTaskIncrementTick                     0x08001d0c   Section        0  tasks.o(i.xTaskIncrementTick)
    i.xTaskPriorityDisinherit                0x08001ec8   Section        0  tasks.o(i.xTaskPriorityDisinherit)
    i.xTaskRemoveFromEventList               0x08001fb8   Section        0  tasks.o(i.xTaskRemoveFromEventList)
    i.xTaskResumeAll                         0x080020d8   Section        0  tasks.o(i.xTaskResumeAll)
    i.xTimerCreateTimerTask                  0x08002250   Section        0  timers.o(i.xTimerCreateTimerTask)
    .data                                    0x20000000   Section        4  main.o(.data)
    .data                                    0x20000004   Section        4  system_gd32f4xx.o(.data)
    .data                                    0x20000008   Section       64  tasks.o(.data)
    pxDelayedTaskList                        0x2000000c   Data           4  tasks.o(.data)
    pxOverflowDelayedTaskList                0x20000010   Data           4  tasks.o(.data)
    uxDeletedTasksWaitingCleanUp             0x20000014   Data           4  tasks.o(.data)
    uxCurrentNumberOfTasks                   0x20000018   Data           4  tasks.o(.data)
    xTickCount                               0x2000001c   Data           4  tasks.o(.data)
    uxTopReadyPriority                       0x20000020   Data           4  tasks.o(.data)
    xSchedulerRunning                        0x20000024   Data           4  tasks.o(.data)
    xPendedTicks                             0x20000028   Data           4  tasks.o(.data)
    xYieldPending                            0x2000002c   Data           4  tasks.o(.data)
    xNumOfOverflows                          0x20000030   Data           4  tasks.o(.data)
    uxTaskNumber                             0x20000034   Data           4  tasks.o(.data)
    xNextTaskUnblockTime                     0x20000038   Data           4  tasks.o(.data)
    xIdleTaskHandle                          0x2000003c   Data           4  tasks.o(.data)
    uxSchedulerSuspended                     0x20000044   Data           4  tasks.o(.data)
    .data                                    0x20000048   Section       20  timers.o(.data)
    pxCurrentTimerList                       0x20000048   Data           4  timers.o(.data)
    pxOverflowTimerList                      0x2000004c   Data           4  timers.o(.data)
    xTimerQueue                              0x20000050   Data           4  timers.o(.data)
    xTimerTaskHandle                         0x20000054   Data           4  timers.o(.data)
    xLastTime                                0x20000058   Data           4  timers.o(.data)
    .data                                    0x2000005c   Section       28  heap_4.o(.data)
    xStart                                   0x2000005c   Data           8  heap_4.o(.data)
    pxEnd                                    0x20000064   Data           4  heap_4.o(.data)
    xFreeBytesRemaining                      0x20000068   Data           4  heap_4.o(.data)
    xMinimumEverFreeBytesRemaining           0x2000006c   Data           4  heap_4.o(.data)
    xNumberOfSuccessfulAllocations           0x20000070   Data           4  heap_4.o(.data)
    xNumberOfSuccessfulFrees                 0x20000074   Data           4  heap_4.o(.data)
    .data                                    0x20000078   Section       12  port.o(.data)
    uxCriticalNesting                        0x20000078   Data           4  port.o(.data)
    ucMaxSysCallPriority                     0x2000007c   Data           1  port.o(.data)
    ulMaxPRIGROUPValue                       0x20000080   Data           4  port.o(.data)
    .bss                                     0x20000084   Section       64  queue.o(.bss)
    .bss                                     0x200000c4   Section      420  tasks.o(.bss)
    pxReadyTasksLists                        0x200000c4   Data         320  tasks.o(.bss)
    xDelayedTaskList1                        0x20000204   Data          20  tasks.o(.bss)
    xDelayedTaskList2                        0x20000218   Data          20  tasks.o(.bss)
    xPendingReadyList                        0x2000022c   Data          20  tasks.o(.bss)
    xTasksWaitingTermination                 0x20000240   Data          20  tasks.o(.bss)
    xSuspendedTaskList                       0x20000254   Data          20  tasks.o(.bss)
    .bss                                     0x20000268   Section       40  timers.o(.bss)
    xActiveTimerList1                        0x20000268   Data          20  timers.o(.bss)
    xActiveTimerList2                        0x2000027c   Data          20  timers.o(.bss)
    .bss                                     0x20000290   Section     8192  heap_4.o(.bss)
    ucHeap                                   0x20000290   Data        8192  heap_4.o(.bss)
    STACK                                    0x20002290   Section     1024  startup_gd32f407_427.o(STACK)

    Global Symbols

    Symbol Name                              Value     Ov Type        Size  Object(Section)

    BuildAttributes$$THM_ISAv4$E$P$D$K$B$S$7EM$VFPi3$EXTD16$VFPS$VFMA$PE$A:L22UL41UL21$X:L11$S22US41US21$IEEE1$IW$USESV6$~STKCKD$USESV7$~SHL$OSPACE$ROPI$EBA8$MICROLIB$REQ8$PRES8$EABIv2 0x00000000   Number         0  anon$$obj.o ABSOLUTE
    __ARM_use_no_argv                        0x00000000   Number         0  main.o ABSOLUTE
    _printf_a                                0x00000000   Number         0  stubs.o ABSOLUTE
    _printf_c                                0x00000000   Number         0  stubs.o ABSOLUTE
    _printf_charcount                        0x00000000   Number         0  stubs.o ABSOLUTE
    _printf_d                                0x00000000   Number         0  stubs.o ABSOLUTE
    _printf_e                                0x00000000   Number         0  stubs.o ABSOLUTE
    _printf_f                                0x00000000   Number         0  stubs.o ABSOLUTE
    _printf_flags                            0x00000000   Number         0  stubs.o ABSOLUTE
    _printf_fp_dec                           0x00000000   Number         0  stubs.o ABSOLUTE
    _printf_fp_hex                           0x00000000   Number         0  stubs.o ABSOLUTE
    _printf_g                                0x00000000   Number         0  stubs.o ABSOLUTE
    _printf_i                                0x00000000   Number         0  stubs.o ABSOLUTE
    _printf_int_dec                          0x00000000   Number         0  stubs.o ABSOLUTE
    _printf_l                                0x00000000   Number         0  stubs.o ABSOLUTE
    _printf_lc                               0x00000000   Number         0  stubs.o ABSOLUTE
    _printf_ll                               0x00000000   Number         0  stubs.o ABSOLUTE
    _printf_lld                              0x00000000   Number         0  stubs.o ABSOLUTE
    _printf_lli                              0x00000000   Number         0  stubs.o ABSOLUTE
    _printf_llo                              0x00000000   Number         0  stubs.o ABSOLUTE
    _printf_llu                              0x00000000   Number         0  stubs.o ABSOLUTE
    _printf_llx                              0x00000000   Number         0  stubs.o ABSOLUTE
    _printf_longlong_dec                     0x00000000   Number         0  stubs.o ABSOLUTE
    _printf_longlong_hex                     0x00000000   Number         0  stubs.o ABSOLUTE
    _printf_longlong_oct                     0x00000000   Number         0  stubs.o ABSOLUTE
    _printf_ls                               0x00000000   Number         0  stubs.o ABSOLUTE
    _printf_mbtowc                           0x00000000   Number         0  stubs.o ABSOLUTE
    _printf_n                                0x00000000   Number         0  stubs.o ABSOLUTE
    _printf_o                                0x00000000   Number         0  stubs.o ABSOLUTE
    _printf_p                                0x00000000   Number         0  stubs.o ABSOLUTE
    _printf_percent                          0x00000000   Number         0  stubs.o ABSOLUTE
    _printf_pre_padding                      0x00000000   Number         0  stubs.o ABSOLUTE
    _printf_return_value                     0x00000000   Number         0  stubs.o ABSOLUTE
    _printf_s                                0x00000000   Number         0  stubs.o ABSOLUTE
    _printf_sizespec                         0x00000000   Number         0  stubs.o ABSOLUTE
    _printf_str                              0x00000000   Number         0  stubs.o ABSOLUTE
    _printf_truncate_signed                  0x00000000   Number         0  stubs.o ABSOLUTE
    _printf_truncate_unsigned                0x00000000   Number         0  stubs.o ABSOLUTE
    _printf_u                                0x00000000   Number         0  stubs.o ABSOLUTE
    _printf_wc                               0x00000000   Number         0  stubs.o ABSOLUTE
    _printf_wctomb                           0x00000000   Number         0  stubs.o ABSOLUTE
    _printf_widthprec                        0x00000000   Number         0  stubs.o ABSOLUTE
    _printf_x                                0x00000000   Number         0  stubs.o ABSOLUTE
    __arm_fini_                               - Undefined Weak Reference
    __cpp_initialize__aeabi_                  - Undefined Weak Reference
    __cxa_finalize                            - Undefined Weak Reference
    __decompress                              - Undefined Weak Reference
    _clock_init                               - Undefined Weak Reference
    _microlib_exit                            - Undefined Weak Reference
    __Vectors_Size                           0x00000188   Number         0  startup_gd32f407_427.o ABSOLUTE
    __Vectors                                0x08000000   Data           4  startup_gd32f407_427.o(RESET)
    __Vectors_End                            0x08000188   Data           0  startup_gd32f407_427.o(RESET)
    __main                                   0x08000189   Thumb Code     0  entry.o(.ARM.Collect$$$$00000000)
    _main_stk                                0x08000189   Thumb Code     0  entry2.o(.ARM.Collect$$$$00000001)
    _main_scatterload                        0x0800018d   Thumb Code     0  entry5.o(.ARM.Collect$$$$00000004)
    __main_after_scatterload                 0x08000191   Thumb Code     0  entry5.o(.ARM.Collect$$$$00000004)
    _main_clock                              0x08000191   Thumb Code     0  entry7b.o(.ARM.Collect$$$$00000008)
    _main_cpp_init                           0x08000191   Thumb Code     0  entry8b.o(.ARM.Collect$$$$0000000A)
    _main_init                               0x08000191   Thumb Code     0  entry9a.o(.ARM.Collect$$$$0000000B)
    __rt_lib_shutdown_fini                   0x08000199   Thumb Code     0  entry12b.o(.ARM.Collect$$$$0000000E)
    __rt_final_cpp                           0x0800019d   Thumb Code     0  entry10a.o(.ARM.Collect$$$$0000000F)
    __rt_final_exit                          0x0800019d   Thumb Code     0  entry11a.o(.ARM.Collect$$$$00000011)
    SVC_Handler                              0x080001a1   Thumb Code    28  port.o(.emb_text)
    __asm___6_port_c_39a90d8d__prvStartFirstTask 0x080001c1   Thumb Code    36  port.o(.emb_text)
    __asm___6_port_c_39a90d8d__prvEnableVFP  0x080001e9   Thumb Code    16  port.o(.emb_text)
    PendSV_Handler                           0x080001fd   Thumb Code    88  port.o(.emb_text)
    vPortGetIPSR                             0x08000259   Thumb Code     6  port.o(.emb_text)
    Reset_Handler                            0x08000261   Thumb Code     8  startup_gd32f407_427.o(.text)
    ADC_IRQHandler                           0x0800027b   Thumb Code     0  startup_gd32f407_427.o(.text)
    CAN0_EWMC_IRQHandler                     0x0800027b   Thumb Code     0  startup_gd32f407_427.o(.text)
    CAN0_RX0_IRQHandler                      0x0800027b   Thumb Code     0  startup_gd32f407_427.o(.text)
    CAN0_RX1_IRQHandler                      0x0800027b   Thumb Code     0  startup_gd32f407_427.o(.text)
    CAN0_TX_IRQHandler                       0x0800027b   Thumb Code     0  startup_gd32f407_427.o(.text)
    CAN1_EWMC_IRQHandler                     0x0800027b   Thumb Code     0  startup_gd32f407_427.o(.text)
    CAN1_RX0_IRQHandler                      0x0800027b   Thumb Code     0  startup_gd32f407_427.o(.text)
    CAN1_RX1_IRQHandler                      0x0800027b   Thumb Code     0  startup_gd32f407_427.o(.text)
    CAN1_TX_IRQHandler                       0x0800027b   Thumb Code     0  startup_gd32f407_427.o(.text)
    DCI_IRQHandler                           0x0800027b   Thumb Code     0  startup_gd32f407_427.o(.text)
    DMA0_Channel0_IRQHandler                 0x0800027b   Thumb Code     0  startup_gd32f407_427.o(.text)
    DMA0_Channel1_IRQHandler                 0x0800027b   Thumb Code     0  startup_gd32f407_427.o(.text)
    DMA0_Channel2_IRQHandler                 0x0800027b   Thumb Code     0  startup_gd32f407_427.o(.text)
    DMA0_Channel3_IRQHandler                 0x0800027b   Thumb Code     0  startup_gd32f407_427.o(.text)
    DMA0_Channel4_IRQHandler                 0x0800027b   Thumb Code     0  startup_gd32f407_427.o(.text)
    DMA0_Channel5_IRQHandler                 0x0800027b   Thumb Code     0  startup_gd32f407_427.o(.text)
    DMA0_Channel6_IRQHandler                 0x0800027b   Thumb Code     0  startup_gd32f407_427.o(.text)
    DMA0_Channel7_IRQHandler                 0x0800027b   Thumb Code     0  startup_gd32f407_427.o(.text)
    DMA1_Channel0_IRQHandler                 0x0800027b   Thumb Code     0  startup_gd32f407_427.o(.text)
    DMA1_Channel1_IRQHandler                 0x0800027b   Thumb Code     0  startup_gd32f407_427.o(.text)
    DMA1_Channel2_IRQHandler                 0x0800027b   Thumb Code     0  startup_gd32f407_427.o(.text)
    DMA1_Channel3_IRQHandler                 0x0800027b   Thumb Code     0  startup_gd32f407_427.o(.text)
    DMA1_Channel4_IRQHandler                 0x0800027b   Thumb Code     0  startup_gd32f407_427.o(.text)
    DMA1_Channel5_IRQHandler                 0x0800027b   Thumb Code     0  startup_gd32f407_427.o(.text)
    DMA1_Channel6_IRQHandler                 0x0800027b   Thumb Code     0  startup_gd32f407_427.o(.text)
    DMA1_Channel7_IRQHandler                 0x0800027b   Thumb Code     0  startup_gd32f407_427.o(.text)
    ENET_IRQHandler                          0x0800027b   Thumb Code     0  startup_gd32f407_427.o(.text)
    ENET_WKUP_IRQHandler                     0x0800027b   Thumb Code     0  startup_gd32f407_427.o(.text)
    EXMC_IRQHandler                          0x0800027b   Thumb Code     0  startup_gd32f407_427.o(.text)
    EXTI0_IRQHandler                         0x0800027b   Thumb Code     0  startup_gd32f407_427.o(.text)
    EXTI10_15_IRQHandler                     0x0800027b   Thumb Code     0  startup_gd32f407_427.o(.text)
    EXTI1_IRQHandler                         0x0800027b   Thumb Code     0  startup_gd32f407_427.o(.text)
    EXTI2_IRQHandler                         0x0800027b   Thumb Code     0  startup_gd32f407_427.o(.text)
    EXTI3_IRQHandler                         0x0800027b   Thumb Code     0  startup_gd32f407_427.o(.text)
    EXTI4_IRQHandler                         0x0800027b   Thumb Code     0  startup_gd32f407_427.o(.text)
    EXTI5_9_IRQHandler                       0x0800027b   Thumb Code     0  startup_gd32f407_427.o(.text)
    FMC_IRQHandler                           0x0800027b   Thumb Code     0  startup_gd32f407_427.o(.text)
    FPU_IRQHandler                           0x0800027b   Thumb Code     0  startup_gd32f407_427.o(.text)
    I2C0_ER_IRQHandler                       0x0800027b   Thumb Code     0  startup_gd32f407_427.o(.text)
    I2C0_EV_IRQHandler                       0x0800027b   Thumb Code     0  startup_gd32f407_427.o(.text)
    I2C1_ER_IRQHandler                       0x0800027b   Thumb Code     0  startup_gd32f407_427.o(.text)
    I2C1_EV_IRQHandler                       0x0800027b   Thumb Code     0  startup_gd32f407_427.o(.text)
    I2C2_ER_IRQHandler                       0x0800027b   Thumb Code     0  startup_gd32f407_427.o(.text)
    I2C2_EV_IRQHandler                       0x0800027b   Thumb Code     0  startup_gd32f407_427.o(.text)
    LVD_IRQHandler                           0x0800027b   Thumb Code     0  startup_gd32f407_427.o(.text)
    RCU_CTC_IRQHandler                       0x0800027b   Thumb Code     0  startup_gd32f407_427.o(.text)
    RTC_Alarm_IRQHandler                     0x0800027b   Thumb Code     0  startup_gd32f407_427.o(.text)
    RTC_WKUP_IRQHandler                      0x0800027b   Thumb Code     0  startup_gd32f407_427.o(.text)
    SDIO_IRQHandler                          0x0800027b   Thumb Code     0  startup_gd32f407_427.o(.text)
    SPI0_IRQHandler                          0x0800027b   Thumb Code     0  startup_gd32f407_427.o(.text)
    SPI1_IRQHandler                          0x0800027b   Thumb Code     0  startup_gd32f407_427.o(.text)
    SPI2_IRQHandler                          0x0800027b   Thumb Code     0  startup_gd32f407_427.o(.text)
    TAMPER_STAMP_IRQHandler                  0x0800027b   Thumb Code     0  startup_gd32f407_427.o(.text)
    TIMER0_BRK_TIMER8_IRQHandler             0x0800027b   Thumb Code     0  startup_gd32f407_427.o(.text)
    TIMER0_Channel_IRQHandler                0x0800027b   Thumb Code     0  startup_gd32f407_427.o(.text)
    TIMER0_TRG_CMT_TIMER10_IRQHandler        0x0800027b   Thumb Code     0  startup_gd32f407_427.o(.text)
    TIMER0_UP_TIMER9_IRQHandler              0x0800027b   Thumb Code     0  startup_gd32f407_427.o(.text)
    TIMER1_IRQHandler                        0x0800027b   Thumb Code     0  startup_gd32f407_427.o(.text)
    TIMER2_IRQHandler                        0x0800027b   Thumb Code     0  startup_gd32f407_427.o(.text)
    TIMER3_IRQHandler                        0x0800027b   Thumb Code     0  startup_gd32f407_427.o(.text)
    TIMER4_IRQHandler                        0x0800027b   Thumb Code     0  startup_gd32f407_427.o(.text)
    TIMER5_DAC_IRQHandler                    0x0800027b   Thumb Code     0  startup_gd32f407_427.o(.text)
    TIMER6_IRQHandler                        0x0800027b   Thumb Code     0  startup_gd32f407_427.o(.text)
    TIMER7_BRK_TIMER11_IRQHandler            0x0800027b   Thumb Code     0  startup_gd32f407_427.o(.text)
    TIMER7_Channel_IRQHandler                0x0800027b   Thumb Code     0  startup_gd32f407_427.o(.text)
    TIMER7_TRG_CMT_TIMER13_IRQHandler        0x0800027b   Thumb Code     0  startup_gd32f407_427.o(.text)
    TIMER7_UP_TIMER12_IRQHandler             0x0800027b   Thumb Code     0  startup_gd32f407_427.o(.text)
    TRNG_IRQHandler                          0x0800027b   Thumb Code     0  startup_gd32f407_427.o(.text)
    UART3_IRQHandler                         0x0800027b   Thumb Code     0  startup_gd32f407_427.o(.text)
    UART4_IRQHandler                         0x0800027b   Thumb Code     0  startup_gd32f407_427.o(.text)
    USART0_IRQHandler                        0x0800027b   Thumb Code     0  startup_gd32f407_427.o(.text)
    USART1_IRQHandler                        0x0800027b   Thumb Code     0  startup_gd32f407_427.o(.text)
    USART2_IRQHandler                        0x0800027b   Thumb Code     0  startup_gd32f407_427.o(.text)
    USART5_IRQHandler                        0x0800027b   Thumb Code     0  startup_gd32f407_427.o(.text)
    USBFS_IRQHandler                         0x0800027b   Thumb Code     0  startup_gd32f407_427.o(.text)
    USBFS_WKUP_IRQHandler                    0x0800027b   Thumb Code     0  startup_gd32f407_427.o(.text)
    USBHS_EP1_In_IRQHandler                  0x0800027b   Thumb Code     0  startup_gd32f407_427.o(.text)
    USBHS_EP1_Out_IRQHandler                 0x0800027b   Thumb Code     0  startup_gd32f407_427.o(.text)
    USBHS_IRQHandler                         0x0800027b   Thumb Code     0  startup_gd32f407_427.o(.text)
    USBHS_WKUP_IRQHandler                    0x0800027b   Thumb Code     0  startup_gd32f407_427.o(.text)
    WWDGT_IRQHandler                         0x0800027b   Thumb Code     0  startup_gd32f407_427.o(.text)
    __aeabi_memcpy                           0x08000285   Thumb Code    36  memcpya.o(.text)
    __aeabi_memcpy4                          0x08000285   Thumb Code     0  memcpya.o(.text)
    __aeabi_memcpy8                          0x08000285   Thumb Code     0  memcpya.o(.text)
    __aeabi_memset                           0x080002a9   Thumb Code    14  memseta.o(.text)
    __aeabi_memset4                          0x080002a9   Thumb Code     0  memseta.o(.text)
    __aeabi_memset8                          0x080002a9   Thumb Code     0  memseta.o(.text)
    __aeabi_memclr                           0x080002b7   Thumb Code     4  memseta.o(.text)
    __aeabi_memclr4                          0x080002b7   Thumb Code     0  memseta.o(.text)
    __aeabi_memclr8                          0x080002b7   Thumb Code     0  memseta.o(.text)
    memset                                   0x080002bb   Thumb Code    18  memseta.o(.text)
    __scatterload                            0x080002cd   Thumb Code    28  init.o(.text)
    __scatterload_rt2                        0x080002cd   Thumb Code     0  init.o(.text)
    BusFault_Handler                         0x080002f1   Thumb Code     4  gd32f4xx_it.o(i.BusFault_Handler)
    DebugMon_Handler                         0x080002f5   Thumb Code     2  gd32f4xx_it.o(i.DebugMon_Handler)
    HardFault_Handler                        0x080002f7   Thumb Code     4  gd32f4xx_it.o(i.HardFault_Handler)
    MemManage_Handler                        0x080002fb   Thumb Code     4  gd32f4xx_it.o(i.MemManage_Handler)
    NMI_Handler                              0x080002ff   Thumb Code     2  gd32f4xx_it.o(i.NMI_Handler)
    SysTick_Handler                          0x08000329   Thumb Code    46  port.o(i.SysTick_Handler)
    SystemInit                               0x0800035d   Thumb Code   194  system_gd32f4xx.o(i.SystemInit)
    UsageFault_Handler                       0x08000431   Thumb Code     4  gd32f4xx_it.o(i.UsageFault_Handler)
    __scatterload_copy                       0x08000435   Thumb Code    14  handlers.o(i.__scatterload_copy)
    __scatterload_null                       0x08000443   Thumb Code     2  handlers.o(i.__scatterload_null)
    __scatterload_zeroinit                   0x08000445   Thumb Code    14  handlers.o(i.__scatterload_zeroinit)
    create_task                              0x08000455   Thumb Code    32  main.o(i.create_task)
    gpio_bit_reset                           0x08000489   Thumb Code     4  gd32f4xx_gpio.o(i.gpio_bit_reset)
    gpio_bit_set                             0x0800048d   Thumb Code     4  gd32f4xx_gpio.o(i.gpio_bit_set)
    gpio_mode_set                            0x08000491   Thumb Code    78  gd32f4xx_gpio.o(i.gpio_mode_set)
    gpio_output_options_set                  0x080004df   Thumb Code    66  gd32f4xx_gpio.o(i.gpio_output_options_set)
    led_init                                 0x08000521   Thumb Code    44  bsp_led.o(i.led_init)
    led_off                                  0x08000551   Thumb Code    12  bsp_led.o(i.led_off)
    led_on                                   0x08000561   Thumb Code    12  bsp_led.o(i.led_on)
    led_task                                 0x08000571   Thumb Code    32  bsp_led.o(i.led_task)
    main                                     0x08000591   Thumb Code    24  main.o(i.main)
    nvic_priority_group_set                  0x080005a9   Thumb Code    10  gd32f4xx_misc.o(i.nvic_priority_group_set)
    pvPortMalloc                             0x08001011   Thumb Code   280  heap_4.o(i.pvPortMalloc)
    pxPortInitialiseStack                    0x0800113d   Thumb Code    38  port.o(i.pxPortInitialiseStack)
    rcu_periph_clock_enable                  0x08001169   Thumb Code    32  gd32f4xx_rcu.o(i.rcu_periph_clock_enable)
    systick_config                           0x08001291   Thumb Code    74  systick.o(i.systick_config)
    uxListRemove                             0x080012e1   Thumb Code    40  list.o(i.uxListRemove)
    uxTaskGetNumberOfTasks                   0x08001309   Thumb Code     6  tasks.o(i.uxTaskGetNumberOfTasks)
    vListInitialise                          0x08001315   Thumb Code    26  list.o(i.vListInitialise)
    vListInitialiseItem                      0x0800132f   Thumb Code     6  list.o(i.vListInitialiseItem)
    vListInsert                              0x08001335   Thumb Code    52  list.o(i.vListInsert)
    vPortEnterCritical                       0x08001369   Thumb Code    76  port.o(i.vPortEnterCritical)
    vPortExitCritical                        0x080013bd   Thumb Code    56  port.o(i.vPortExitCritical)
    vPortFree                                0x080013f9   Thumb Code   132  heap_4.o(i.vPortFree)
    vPortSetupTimerInterrupt                 0x08001485   Thumb Code    36  port.o(i.vPortSetupTimerInterrupt)
    vQueueAddToRegistry                      0x080014ad   Thumb Code    90  queue.o(i.vQueueAddToRegistry)
    vQueueWaitForMessageRestricted           0x0800150d   Thumb Code    74  queue.o(i.vQueueWaitForMessageRestricted)
    vTaskDelay                               0x08001559   Thumb Code    82  tasks.o(i.vTaskDelay)
    vTaskInternalSetTimeOutState             0x080015b5   Thumb Code    14  tasks.o(i.vTaskInternalSetTimeOutState)
    vTaskMissedYield                         0x080015cd   Thumb Code     8  tasks.o(i.vTaskMissedYield)
    vTaskPlaceOnEventList                    0x080015d9   Thumb Code    52  tasks.o(i.vTaskPlaceOnEventList)
    vTaskPlaceOnEventListRestricted          0x08001611   Thumb Code    94  tasks.o(i.vTaskPlaceOnEventListRestricted)
    vTaskStartScheduler                      0x08001675   Thumb Code   122  tasks.o(i.vTaskStartScheduler)
    vTaskSuspendAll                          0x08001711   Thumb Code    12  tasks.o(i.vTaskSuspendAll)
    vTaskSwitchContext                       0x08001721   Thumb Code   118  tasks.o(i.vTaskSwitchContext)
    xPortStartScheduler                      0x080017ad   Thumb Code   372  port.o(i.xPortStartScheduler)
    xQueueGenericCreate                      0x0800193d   Thumb Code   102  queue.o(i.xQueueGenericCreate)
    xQueueGenericReset                       0x080019a5   Thumb Code   214  queue.o(i.xQueueGenericReset)
    xQueueReceive                            0x08001a81   Thumb Code   356  queue.o(i.xQueueReceive)
    xTaskCheckForTimeOut                     0x08001be9   Thumb Code   136  tasks.o(i.xTaskCheckForTimeOut)
    xTaskCreate                              0x08001c79   Thumb Code   104  tasks.o(i.xTaskCreate)
    xTaskGetSchedulerState                   0x08001ce1   Thumb Code    24  tasks.o(i.xTaskGetSchedulerState)
    xTaskGetTickCount                        0x08001d01   Thumb Code     6  tasks.o(i.xTaskGetTickCount)
    xTaskIncrementTick                       0x08001d0d   Thumb Code   398  tasks.o(i.xTaskIncrementTick)
    xTaskPriorityDisinherit                  0x08001ec9   Thumb Code   226  tasks.o(i.xTaskPriorityDisinherit)
    xTaskRemoveFromEventList                 0x08001fb9   Thumb Code   264  tasks.o(i.xTaskRemoveFromEventList)
    xTaskResumeAll                           0x080020d9   Thumb Code   338  tasks.o(i.xTaskResumeAll)
    xTimerCreateTimerTask                    0x08002251   Thumb Code    64  timers.o(i.xTimerCreateTimerTask)
    Region$$Table$$Base                      0x080022a4   Number         0  anon$$obj.o(Region$$Table)
    Region$$Table$$Limit                     0x080022c4   Number         0  anon$$obj.o(Region$$Table)
    LEDTask_Handler                          0x20000000   Data           4  main.o(.data)
    SystemCoreClock                          0x20000004   Data           4  system_gd32f4xx.o(.data)
    pxCurrentTCB                             0x20000008   Data           4  tasks.o(.data)
    uxTopUsedPriority                        0x20000040   Data           4  tasks.o(.data)
    xQueueRegistry                           0x20000084   Data          64  queue.o(.bss)
    __initial_sp                             0x20002690   Data           0  startup_gd32f407_427.o(STACK)



==============================================================================

Memory Map of the image

  Image Entry point : 0x08000189

  Load Region LR_IROM1 (Base: 0x08000000, Size: 0x00002348, Max: 0x00300000, ABSOLUTE)

    Execution Region ER_IROM1 (Exec base: 0x08000000, Load base: 0x08000000, Size: 0x000022c4, Max: 0x00300000, ABSOLUTE)

    Exec Addr    Load Addr    Size         Type   Attr      Idx    E Section Name        Object

    0x08000000   0x08000000   0x00000188   Data   RO         5883    RESET               startup_gd32f407_427.o
    0x08000188   0x08000188   0x00000000   Code   RO         7217  * .ARM.Collect$$$$00000000  mc_w.l(entry.o)
    0x08000188   0x08000188   0x00000004   Code   RO         7493    .ARM.Collect$$$$00000001  mc_w.l(entry2.o)
    0x0800018c   0x0800018c   0x00000004   Code   RO         7496    .ARM.Collect$$$$00000004  mc_w.l(entry5.o)
    0x08000190   0x08000190   0x00000000   Code   RO         7498    .ARM.Collect$$$$00000008  mc_w.l(entry7b.o)
    0x08000190   0x08000190   0x00000000   Code   RO         7500    .ARM.Collect$$$$0000000A  mc_w.l(entry8b.o)
    0x08000190   0x08000190   0x00000008   Code   RO         7501    .ARM.Collect$$$$0000000B  mc_w.l(entry9a.o)
    0x08000198   0x08000198   0x00000004   Code   RO         7508    .ARM.Collect$$$$0000000E  mc_w.l(entry12b.o)
    0x0800019c   0x0800019c   0x00000000   Code   RO         7503    .ARM.Collect$$$$0000000F  mc_w.l(entry10a.o)
    0x0800019c   0x0800019c   0x00000000   Code   RO         7505    .ARM.Collect$$$$00000011  mc_w.l(entry11a.o)
    0x0800019c   0x0800019c   0x00000004   Code   RO         7494    .ARM.Collect$$$$00002712  mc_w.l(entry2.o)
    0x080001a0   0x080001a0   0x000000be   Code   RO         7134    .emb_text           port.o
    0x0800025e   0x0800025e   0x00000002   PAD
    0x08000260   0x08000260   0x00000024   Code   RO         5884    .text               startup_gd32f407_427.o
    0x08000284   0x08000284   0x00000024   Code   RO         7220    .text               mc_w.l(memcpya.o)
    0x080002a8   0x080002a8   0x00000024   Code   RO         7224    .text               mc_w.l(memseta.o)
    0x080002cc   0x080002cc   0x00000024   Code   RO         7527    .text               mc_w.l(init.o)
    0x080002f0   0x080002f0   0x00000004   Code   RO            3    i.BusFault_Handler  gd32f4xx_it.o
    0x080002f4   0x080002f4   0x00000002   Code   RO            4    i.DebugMon_Handler  gd32f4xx_it.o
    0x080002f6   0x080002f6   0x00000004   Code   RO            5    i.HardFault_Handler  gd32f4xx_it.o
    0x080002fa   0x080002fa   0x00000004   Code   RO            6    i.MemManage_Handler  gd32f4xx_it.o
    0x080002fe   0x080002fe   0x00000002   Code   RO            7    i.NMI_Handler       gd32f4xx_it.o
    0x08000300   0x08000300   0x00000028   Code   RO          241    i.NVIC_SetPriority  systick.o
    0x08000328   0x08000328   0x00000034   Code   RO         7135    i.SysTick_Handler   port.o
    0x0800035c   0x0800035c   0x000000d4   Code   RO          338    i.SystemInit        system_gd32f4xx.o
    0x08000430   0x08000430   0x00000004   Code   RO            8    i.UsageFault_Handler  gd32f4xx_it.o
    0x08000434   0x08000434   0x0000000e   Code   RO         7541    i.__scatterload_copy  mc_w.l(handlers.o)
    0x08000442   0x08000442   0x00000002   Code   RO         7542    i.__scatterload_null  mc_w.l(handlers.o)
    0x08000444   0x08000444   0x0000000e   Code   RO         7543    i.__scatterload_zeroinit  mc_w.l(handlers.o)
    0x08000452   0x08000452   0x00000002   PAD
    0x08000454   0x08000454   0x00000034   Code   RO          175    i.create_task       main.o
    0x08000488   0x08000488   0x00000004   Code   RO         2863    i.gpio_bit_reset    gd32f4xx_gpio.o
    0x0800048c   0x0800048c   0x00000004   Code   RO         2864    i.gpio_bit_set      gd32f4xx_gpio.o
    0x08000490   0x08000490   0x0000004e   Code   RO         2870    i.gpio_mode_set     gd32f4xx_gpio.o
    0x080004de   0x080004de   0x00000042   Code   RO         2872    i.gpio_output_options_set  gd32f4xx_gpio.o
    0x08000520   0x08000520   0x00000030   Code   RO          284    i.led_init          bsp_led.o
    0x08000550   0x08000550   0x00000010   Code   RO          285    i.led_off           bsp_led.o
    0x08000560   0x08000560   0x00000010   Code   RO          286    i.led_on            bsp_led.o
    0x08000570   0x08000570   0x00000020   Code   RO          287    i.led_task          bsp_led.o
    0x08000590   0x08000590   0x00000018   Code   RO          176    i.main              main.o
    0x080005a8   0x080005a8   0x00000014   Code   RO         3439    i.nvic_priority_group_set  gd32f4xx_misc.o
    0x080005bc   0x080005bc   0x000000c0   Code   RO         6486    i.prvAddCurrentTaskToDelayedList  tasks.o
    0x0800067c   0x0800067c   0x000000ec   Code   RO         6487    i.prvAddNewTaskToReadyList  tasks.o
    0x08000768   0x08000768   0x00000064   Code   RO         6886    i.prvCheckForValidListAndQueue  timers.o
    0x080007cc   0x080007cc   0x00000048   Code   RO         6488    i.prvCheckTasksWaitingTermination  tasks.o
    0x08000814   0x08000814   0x0000002a   Code   RO         6055    i.prvCopyDataFromQueue  queue.o
    0x0800083e   0x0800083e   0x0000007e   Code   RO         6056    i.prvCopyDataToQueue  queue.o
    0x080008bc   0x080008bc   0x00000012   Code   RO         6489    i.prvDeleteTCB      tasks.o
    0x080008ce   0x080008ce   0x00000002   PAD
    0x080008d0   0x080008d0   0x00000028   Code   RO         6887    i.prvGetNextExpireTime  timers.o
    0x080008f8   0x080008f8   0x00000070   Code   RO         7065    i.prvHeapInit       heap_4.o
    0x08000968   0x08000968   0x00000028   Code   RO         6490    i.prvIdleTask       tasks.o
    0x08000990   0x08000990   0x0000002e   Code   RO         6059    i.prvInitialiseNewQueue  queue.o
    0x080009be   0x080009be   0x000000cc   Code   RO         6491    i.prvInitialiseNewTask  tasks.o
    0x08000a8a   0x08000a8a   0x00000002   PAD
    0x08000a8c   0x08000a8c   0x00000068   Code   RO         6492    i.prvInitialiseTaskLists  tasks.o
    0x08000af4   0x08000af4   0x00000068   Code   RO         7066    i.prvInsertBlockIntoFreeList  heap_4.o
    0x08000b5c   0x08000b5c   0x00000058   Code   RO         6889    i.prvInsertTimerInActiveList  timers.o
    0x08000bb4   0x08000bb4   0x0000001a   Code   RO         6060    i.prvIsQueueEmpty   queue.o
    0x08000bce   0x08000bce   0x000000b8   Code   RO         6062    i.prvNotifyQueueSetContainer  queue.o
    0x08000c86   0x08000c86   0x00000002   PAD
    0x08000c88   0x08000c88   0x00000044   Code   RO         6890    i.prvProcessExpiredTimer  timers.o
    0x08000ccc   0x08000ccc   0x0000011c   Code   RO         6891    i.prvProcessReceivedCommands  timers.o
    0x08000de8   0x08000de8   0x00000074   Code   RO         6892    i.prvProcessTimerOrBlockTask  timers.o
    0x08000e5c   0x08000e5c   0x00000028   Code   RO         6893    i.prvReloadTimer    timers.o
    0x08000e84   0x08000e84   0x00000030   Code   RO         6494    i.prvResetNextTaskUnblockTime  tasks.o
    0x08000eb4   0x08000eb4   0x0000002c   Code   RO         6894    i.prvSampleTimeNow  timers.o
    0x08000ee0   0x08000ee0   0x00000044   Code   RO         6895    i.prvSwitchTimerLists  timers.o
    0x08000f24   0x08000f24   0x00000040   Code   RO         7136    i.prvTaskExitError  port.o
    0x08000f64   0x08000f64   0x0000001a   Code   RO         6896    i.prvTimerTask      timers.o
    0x08000f7e   0x08000f7e   0x00000090   Code   RO         6063    i.prvUnlockQueue    queue.o
    0x0800100e   0x0800100e   0x00000002   PAD
    0x08001010   0x08001010   0x0000012c   Code   RO         7068    i.pvPortMalloc      heap_4.o
    0x0800113c   0x0800113c   0x0000002c   Code   RO         7137    i.pxPortInitialiseStack  port.o
    0x08001168   0x08001168   0x00000024   Code   RO         3662    i.rcu_periph_clock_enable  gd32f4xx_rcu.o
    0x0800118c   0x0800118c   0x000000fc   Code   RO          339    i.system_clock_200m_25m_hxtal  system_gd32f4xx.o
    0x08001288   0x08001288   0x00000008   Code   RO          340    i.system_clock_config  system_gd32f4xx.o
    0x08001290   0x08001290   0x00000050   Code   RO          244    i.systick_config    systick.o
    0x080012e0   0x080012e0   0x00000028   Code   RO         6010    i.uxListRemove      list.o
    0x08001308   0x08001308   0x0000000c   Code   RO         6502    i.uxTaskGetNumberOfTasks  tasks.o
    0x08001314   0x08001314   0x0000001a   Code   RO         6011    i.vListInitialise   list.o
    0x0800132e   0x0800132e   0x00000006   Code   RO         6012    i.vListInitialiseItem  list.o
    0x08001334   0x08001334   0x00000034   Code   RO         6013    i.vListInsert       list.o
    0x08001368   0x08001368   0x00000054   Code   RO         7139    i.vPortEnterCritical  port.o
    0x080013bc   0x080013bc   0x0000003c   Code   RO         7140    i.vPortExitCritical  port.o
    0x080013f8   0x080013f8   0x0000008c   Code   RO         7069    i.vPortFree         heap_4.o
    0x08001484   0x08001484   0x00000028   Code   RO         7141    i.vPortSetupTimerInterrupt  port.o
    0x080014ac   0x080014ac   0x00000060   Code   RO         6069    i.vQueueAddToRegistry  queue.o
    0x0800150c   0x0800150c   0x0000004a   Code   RO         6073    i.vQueueWaitForMessageRestricted  queue.o
    0x08001556   0x08001556   0x00000002   PAD
    0x08001558   0x08001558   0x0000005c   Code   RO         6509    i.vTaskDelay        tasks.o
    0x080015b4   0x080015b4   0x00000018   Code   RO         6514    i.vTaskInternalSetTimeOutState  tasks.o
    0x080015cc   0x080015cc   0x0000000c   Code   RO         6516    i.vTaskMissedYield  tasks.o
    0x080015d8   0x080015d8   0x00000038   Code   RO         6517    i.vTaskPlaceOnEventList  tasks.o
    0x08001610   0x08001610   0x00000064   Code   RO         6518    i.vTaskPlaceOnEventListRestricted  tasks.o
    0x08001674   0x08001674   0x0000009c   Code   RO         6526    i.vTaskStartScheduler  tasks.o
    0x08001710   0x08001710   0x00000010   Code   RO         6528    i.vTaskSuspendAll   tasks.o
    0x08001720   0x08001720   0x0000008c   Code   RO         6529    i.vTaskSwitchContext  tasks.o
    0x080017ac   0x080017ac   0x00000190   Code   RO         7143    i.xPortStartScheduler  port.o
    0x0800193c   0x0800193c   0x00000066   Code   RO         6078    i.xQueueGenericCreate  queue.o
    0x080019a2   0x080019a2   0x00000002   PAD
    0x080019a4   0x080019a4   0x000000dc   Code   RO         6079    i.xQueueGenericReset  queue.o
    0x08001a80   0x08001a80   0x00000168   Code   RO         6088    i.xQueueReceive     queue.o
    0x08001be8   0x08001be8   0x00000090   Code   RO         6531    i.xTaskCheckForTimeOut  tasks.o
    0x08001c78   0x08001c78   0x00000068   Code   RO         6532    i.xTaskCreate       tasks.o
    0x08001ce0   0x08001ce0   0x00000020   Code   RO         6540    i.xTaskGetSchedulerState  tasks.o
    0x08001d00   0x08001d00   0x0000000c   Code   RO         6541    i.xTaskGetTickCount  tasks.o
    0x08001d0c   0x08001d0c   0x000001bc   Code   RO         6543    i.xTaskIncrementTick  tasks.o
    0x08001ec8   0x08001ec8   0x000000f0   Code   RO         6544    i.xTaskPriorityDisinherit  tasks.o
    0x08001fb8   0x08001fb8   0x00000120   Code   RO         6546    i.xTaskRemoveFromEventList  tasks.o
    0x080020d8   0x080020d8   0x00000178   Code   RO         6547    i.xTaskResumeAll    tasks.o
    0x08002250   0x08002250   0x00000054   Code   RO         6904    i.xTimerCreateTimerTask  timers.o
    0x080022a4   0x080022a4   0x00000020   Data   RO         7539    Region$$Table       anon$$obj.o


    Execution Region RW_IRAM1 (Exec base: 0x20000000, Load base: 0x080022c4, Size: 0x00002690, Max: 0x00030000, ABSOLUTE)

    Exec Addr    Load Addr    Size         Type   Attr      Idx    E Section Name        Object

    0x20000000   0x080022c4   0x00000004   Data   RW          177    .data               main.o
    0x20000004   0x080022c8   0x00000004   Data   RW          341    .data               system_gd32f4xx.o
    0x20000008   0x080022cc   0x00000040   Data   RW         6550    .data               tasks.o
    0x20000048   0x0800230c   0x00000014   Data   RW         6912    .data               timers.o
    0x2000005c   0x08002320   0x0000001c   Data   RW         7075    .data               heap_4.o
    0x20000078   0x0800233c   0x0000000c   Data   RW         7144    .data               port.o
    0x20000084        -       0x00000040   Zero   RW         6095    .bss                queue.o
    0x200000c4        -       0x000001a4   Zero   RW         6549    .bss                tasks.o
    0x20000268        -       0x00000028   Zero   RW         6911    .bss                timers.o
    0x20000290        -       0x00002000   Zero   RW         7074    .bss                heap_4.o
    0x20002290        -       0x00000400   Zero   RW         5881    STACK               startup_gd32f407_427.o


==============================================================================

Image component sizes


      Code (inc. data)   RO Data    RW Data    ZI Data      Debug   Object Name

       112         12          0          0          0       1861   bsp_led.o
         0          0          0          0          0      12084   event_groups.o
       152          0          0          0          0       2886   gd32f4xx_gpio.o
        20          0          0          0          0      37789   gd32f4xx_it.o
        20         10          0          0          0        594   gd32f4xx_misc.o
        36          4          0          0          0        586   gd32f4xx_rcu.o
       656         58          0         28       8192       5155   heap_4.o
       124          0          0          0          0       2729   list.o
        76         20          0          4          0      16371   main.o
       934         76          0         12          0      10748   port.o
      1420         16          0          0         64      14183   queue.o
        36          8        392          0       1024        884   startup_gd32f407_427.o
       472         30          0          4          0       2787   system_gd32f4xx.o
       120         14          0          0          0      27444   systick.o
      3162        364          0         64        420      28597   tasks.o
       958        108          0         20         40      25488   timers.o

    ----------------------------------------------------------------------
      8312        720        424        132       9740     190186   Object Totals
         0          0         32          0          0          0   (incl. Generated)
        14          0          0          0          0          0   (incl. Padding)

    ----------------------------------------------------------------------

      Code (inc. data)   RO Data    RW Data    ZI Data      Debug   Library Member Name

         0          0          0          0          0          0   entry.o
         0          0          0          0          0          0   entry10a.o
         0          0          0          0          0          0   entry11a.o
         4          0          0          0          0          0   entry12b.o
         8          4          0          0          0          0   entry2.o
         4          0          0          0          0          0   entry5.o
         0          0          0          0          0          0   entry7b.o
         0          0          0          0          0          0   entry8b.o
         8          4          0          0          0          0   entry9a.o
        30          0          0          0          0          0   handlers.o
        36          8          0          0          0         68   init.o
        36          0          0          0          0         68   memcpya.o
        36          0          0          0          0        108   memseta.o

    ----------------------------------------------------------------------
       164         16          0          0          0        244   Library Totals
         2          0          0          0          0          0   (incl. Padding)

    ----------------------------------------------------------------------

      Code (inc. data)   RO Data    RW Data    ZI Data      Debug   Library Name

       162         16          0          0          0        244   mc_w.l

    ----------------------------------------------------------------------
       164         16          0          0          0        244   Library Totals

    ----------------------------------------------------------------------

==============================================================================


      Code (inc. data)   RO Data    RW Data    ZI Data      Debug   

      8476        736        424        132       9740     182582   Grand Totals
      8476        736        424        132       9740     182582   ELF Image Totals
      8476        736        424        132          0          0   ROM Totals

==============================================================================

    Total RO  Size (Code + RO Data)                 8900 (   8.69kB)
    Total RW  Size (RW Data + ZI Data)              9872 (   9.64kB)
    Total ROM Size (Code + RO Data + RW Data)       9032 (   8.82kB)

==============================================================================

